Microchip MPLAB XC8 Compiler V1.45 ()

Linker command line:

-W-3 --edf=C:\Program Files (x86)\Microchip\xc8\v1.45\dat\en_msgs.txt -cs \
  -h+dist/default/production\SDP-BMS-Firmware.production.sym \
  --cmf=dist/default/production\SDP-BMS-Firmware.production.cmf -z \
  -Q16F1789 -oC:\Users\TRM84~1.UAN\AppData\Local\Temp\saus.2 \
  -Mdist/default/production/SDP-BMS-Firmware.production.map -E1 -ver=XC8 \
  --acfsm=1493 -ASTACK=02280h-027efh -pstack=STACK -ACODE=00h-07FFhx8 \
  -ASTRCODE=00h-03FFFh -ASTRING=00h-0FFhx64 -ACONST=00h-0FFhx64 \
  -AENTRY=00h-0FFhx64 -ACOMMON=070h-07Fh -ABANK0=020h-06Fh \
  -ABANK1=0A0h-0EFh -ABANK2=0120h-016Fh -ABANK3=01A0h-01EFh \
  -ABANK4=0220h-026Fh -ABANK5=02A0h-02EFh -ABANK6=0320h-036Fh \
  -ABANK7=03A0h-03EFh -ABANK8=0420h-046Fh -ABANK9=04A0h-04EFh \
  -ABANK10=0520h-056Fh -ABANK11=05A0h-05EFh -ABANK12=0620h-066Fh \
  -ABANK13=06A0h-06EFh -ABANK14=0720h-076Fh -ABANK15=07A0h-07EFh \
  -ABANK16=0820h-086Fh -ABANK17=08A0h-08EFh -ABANK18=0920h-096Fh \
  -ABANK19=09A0h-09EFh -ABANK20=0A20h-0A6Fh -ABANK21=0AA0h-0AEFh \
  -ABANK22=0B20h-0B6Fh -ABANK23=0BA0h-0BEFh -ABANK24=0C20h-0C6Fh \
  -ABANK25=0CA0h-0CBFh -ABIGRAM=02000h-027EFh \
  -ARAM=020h-06Fh,0A0h-0EFh,0120h-016Fh,01A0h-01EFh,0220h-026Fh,02A0h-02EFh,0320h-036Fh,03A0h-03EFh,0420h-046Fh,04A0h-04EFh,0520h-056Fh,05A0h-05EFh,0620h-066Fh,06A0h-06EFh,0720h-076Fh,07A0h-07EFh,0820h-086Fh,08A0h-08EFh,0920h-096Fh,09A0h-09EFh,0A20h-0A6Fh,0AA0h-0AEFh,0B20h-0B6Fh,0BA0h-0BEFh,0C20h-0C6Fh,0CA0h-0CBFh \
  -AABS1=020h-07Fh,0A0h-0EFh,0120h-016Fh,01A0h-01EFh,0220h-026Fh,02A0h-02EFh,0320h-036Fh,03A0h-03EFh,0420h-046Fh,04A0h-04EFh,0520h-056Fh,05A0h-05EFh,0620h-066Fh,06A0h-06EFh,0720h-076Fh,07A0h-07EFh,0820h-086Fh,08A0h-08EFh,0920h-096Fh,09A0h-09EFh,0A20h-0A6Fh,0AA0h-0AEFh,0B20h-0B6Fh,0BA0h-0BEFh,0C20h-0C6Fh,0CA0h-0CBFh \
  -ASFR0=00h-01Fh -ASFR1=080h-09Fh -ASFR2=0100h-011Fh -ASFR3=0180h-019Fh \
  -ASFR4=0200h-021Fh -ASFR5=0280h-029Fh -ASFR6=0300h-031Fh \
  -ASFR7=0380h-039Fh -ASFR8=0400h-041Fh -ASFR9=0480h-049Fh \
  -ASFR10=0500h-051Fh -ASFR11=0580h-059Fh -ASFR12=0600h-061Fh \
  -ASFR13=0680h-069Fh -ASFR14=0700h-071Fh -ASFR15=0780h-079Fh \
  -ASFR16=0800h-081Fh -ASFR17=0880h-089Fh -ASFR18=0900h-091Fh \
  -ASFR19=0980h-099Fh -ASFR20=0A00h-0A1Fh -ASFR21=0A80h-0A9Fh \
  -ASFR22=0B00h-0B1Fh -ASFR23=0B80h-0B9Fh -ASFR24=0C00h-0C1Fh \
  -ASFR25=0C80h-0C9Fh -ASFR26=0D00h-0D6Fh -ASFR27=0D80h-0DEFh \
  -ASFR28=0E00h-0E6Fh -ASFR29=0E80h-0EEFh -ASFR30=0F00h-0F6Fh \
  -ASFR31=0F80h-0FEFh -preset_vec=00h,intentry=04h,init,end_init \
  -ppowerup=CODE -pcinit=CODE -pfunctab=ENTRY -ACONFIG=08007h-08008h \
  -pconfig=CONFIG -DCONFIG=2 -AIDLOC=08000h-08003h -pidloc=IDLOC -DIDLOC=2 \
  -AEEDATA=00h-0FFh/0F000h -peeprom_data=EEDATA -DEEDATA=2 -DCODE=2 \
  -DSTRCODE=2 -DSTRING=2 -DCONST=2 -DENTRY=2 -k \
  C:\Users\TRM84~1.UAN\AppData\Local\Temp\saus.obj \
  dist/default/production\SDP-BMS-Firmware.production.obj 

Object code version is 3.11

Machine type is 16F1789



                Name                               Link     Load   Length Selector   Space Scale
C:\Users\TRM84~1.UAN\AppData\Local\Temp\saus.obj
                end_init                             76       76        2        8       0
                reset_vec                             0        0        2        0       0
                config                             8007     8007        2    1000E       0
dist/default/production\SDP-BMS-Firmware.production.obj
                cinit                                78       78       3B        8       0
                intentry                              4        4       72        8       0
                text8_split_1                      2556     2556      138     4AAC       0
                text61                             37F5     37F5        3     6FEA       0
                text59                             13D8     13D8      1FC     27B0       0
                text58                             1073     1073      18F     20E6       0
                text57                             2F6A     2F6A       96     5ED4       0
                text56                             2E5A     2E5A       87     5CB4       0
                text55                             2871     2871       11     50E2       0
                text54                             2B0C     2B0C       4F     5618       0
                text53                             2842     2842        B     5084       0
                text52                             28B6     28B6       15     516C       0
                text51                             2839     2839        9     5072       0
                text50                             214C     214C       9E     4298       0
                text49                             2CFB     2CFB       5F     59F6       0
                text48                             2882     2882       11     5104       0
                text47                             28E6     28E6       1E     51CC       0
                text46                             2893     2893       11     5126       0
                text45                             28A4     28A4       12     5148       0
                text44                             37FB     37FB        5     6FF6       0
                text43                             284D     284D        B     509A       0
                text42                             281A     281A        6     5034       0
                text41                             2864     2864        D     50C8       0
                text40                             2943     2943       26     5286       0
                text39                             2C52     2C52       54     58A4       0
                text38                             2923     2923       20     5246       0
                text37                             15D4     15D4      22C     2BA8       0
                text36                             2EE1     2EE1       89     5DC2       0
                text35                             2A03     2A03       3E     5406       0
                text34                             2019     2019       99     4032       0
                text33                             2DD9     2DD9       81     5BB2       0
                text32                             2D5A     2D5A       7F     5AB4       0
                text31                             2998     2998       30     5330       0
                text30                             2858     2858        C     50B0       0
                text29                             2969     2969       2F     52D2       0
                text28                             2CA6     2CA6       55     594C       0
                text27                             28CB     28CB       1B     5196       0
                text26                             1CE7     1CE7      18B     39CE       0
                text25                             20B2     20B2       9A     4164       0
                swtext1                            2800     2800       18     5000       0
                text24                             1C0A     1C0A       DD     3814       0
                text23                             22A0     22A0       C1     4540       0
                text22                             2B5B     2B5B       52     56B6       0
                text21                             2426     2426      130     484C       0
                text20                             1E72     1E72      18E     3CE4       0
                text19                             1C00     1C00        A     3800       0
                text18                             2904     2904       1F     5208       0
                text17                             2BFF     2BFF       53     57FE       0
                text16                             2A41     2A41       43     5482       0
                text15                             2361     2361       C5     46C2       0
                text14                             21EA     21EA       B6     43D4       0
                text13                             2BAD     2BAD       52     575A       0
                text12                             2AC7     2AC7       45     558E       0
                text11                             1202     1202      1D6     2404       0
                text10                             1001     1001        E     2002       0
                text9                               D70      D70      290     1AE0       0
                text8                                B3       B3      6E5        8       0
                text7                              37F8     37F8        3     6FF0       0
                text6                              29C8     29C8       3B     5390       0
                text5                              2001     2001       18     4002       0
                text4                              2A84     2A84       43     5508       0
                text3                               A9A      A9A       4B     1534       0
                text2                              268E     268E      172     4D1C       0
                text1                              100F     100F       64     201E       0
                maintext                            AE5      AE5      28B     15CA       0
                cstackBANK0                          20       20       50       20       1
                cstackCOMMON                         70       70        A       70       1
                cstackBANK1                          A0       A0       4C       A0       1
                cstackBANK2                         120      120       3B      120       1
                cstackBANK3                         1A0      1A0        A      1A0       1
                cstackBANK4                         220      220       4E      220       1
                cstackBANK7                         3A0      3A0       50      3A0       1
                clrtext                            2820     2820        6     5040       0
                inittext                           2826     2826        6     504C       0
                bssBANK6                            320      320       18      320       1
                dataBANK5                           2D2      2D2        7      2A0       1
                bssBANK5                            2A0      2A0       32      2A0       1
                bssBANK4                            26E      26E        2      220       1
                dataBANK2                           16A      16A        6      120       1
                bssBANK2                            15B      15B        F      120       1
                bssBANK1                             EC       EC        2       A0       1
                bssCOMMON                            7A       7A        2       70       1
                stringtext29                       3167     3167        9     6000       0
                stringtext28                       315C     315C        B     6000       0
                stringtext27                       314D     314D        F     6000       0
                stringtext26                       313E     313E        F     6000       0
                stringtext25                       312B     312B       13     6000       0
                stringtext24                       3117     3117       14     6000       0
                stringtext23                       3100     3100       17     6000       0
                stringtext22                       30E9     30E9       17     6000       0
                stringtext21                       30C2     30C2       27     6000       0
                stringtext20                       3811     3811        1     7000       0
                stringtext19                       3810     3810        1     7000       0
                stringtext18                       380F     380F        1     7000       0
                stringtext17                       380E     380E        1     7000       0
                stringtext16                       380D     380D        1     7000       0
                stringtext15                       380C     380C        1     7000       0
                stringtext14                       380B     380B        1     7000       0
                stringtext13                       380A     380A        1     7000       0
                stringtext12                       3809     3809        1     7000       0
                stringtext11                       3808     3808        1     7000       0
                stringtext10                       3806     3806        2     7000       0
                stringtext9                        3804     3804        2     7000       0
                stringtext8                        3800     3800        4     7000       0
                stringtext7                        309A     309A       28     6000       0
                stringtext6                        3068     3068       32     6000       0
                stringtext5                        3034     3034       34     6000       0
                stringtext4                        3000     3000       34     6000       0
                stringtext3                        1A00     1A00      200     3000       0
                stringtext2                        1800     1800      200     3000       0
                stringtext1                         798      798      300      F30       0
                idataBANK5                         2832     2832        7     5064       0
                idataBANK2                         282C     282C        6     5058       0

TOTAL           Name                               Link     Load   Length     Space
        CLASS   STACK          

        CLASS   CODE           
                end_init                             76       76        2         0
                cinit                                78       78       3B         0
                intentry                              4        4       72         0
                reset_vec                             0        0        2         0
                text8_split_1                      2556     2556      138         0
                text61                             37F5     37F5        3         0
                text59                             13D8     13D8      1FC         0
                text58                             1073     1073      18F         0
                text57                             2F6A     2F6A       96         0
                text56                             2E5A     2E5A       87         0
                text55                             2871     2871       11         0
                text54                             2B0C     2B0C       4F         0
                text53                             2842     2842        B         0
                text52                             28B6     28B6       15         0
                text51                             2839     2839        9         0
                text50                             214C     214C       9E         0
                text49                             2CFB     2CFB       5F         0
                text48                             2882     2882       11         0
                text47                             28E6     28E6       1E         0
                text46                             2893     2893       11         0
                text45                             28A4     28A4       12         0
                text44                             37FB     37FB        5         0
                text43                             284D     284D        B         0
                text42                             281A     281A        6         0
                text41                             2864     2864        D         0
                text40                             2943     2943       26         0
                text39                             2C52     2C52       54         0
                text38                             2923     2923       20         0
                text37                             15D4     15D4      22C         0
                text36                             2EE1     2EE1       89         0
                text35                             2A03     2A03       3E         0
                text34                             2019     2019       99         0
                text33                             2DD9     2DD9       81         0
                text32                             2D5A     2D5A       7F         0
                text31                             2998     2998       30         0
                text30                             2858     2858        C         0
                text29                             2969     2969       2F         0
                text28                             2CA6     2CA6       55         0
                text27                             28CB     28CB       1B         0
                text26                             1CE7     1CE7      18B         0
                text25                             20B2     20B2       9A         0
                text24                             1C0A     1C0A       DD         0
                text23                             22A0     22A0       C1         0
                text22                             2B5B     2B5B       52         0
                text21                             2426     2426      130         0
                text20                             1E72     1E72      18E         0
                text19                             1C00     1C00        A         0
                text18                             2904     2904       1F         0
                text17                             2BFF     2BFF       53         0
                text16                             2A41     2A41       43         0
                text15                             2361     2361       C5         0
                text14                             21EA     21EA       B6         0
                text13                             2BAD     2BAD       52         0
                text12                             2AC7     2AC7       45         0
                text11                             1202     1202      1D6         0
                text10                             1001     1001        E         0
                text9                               D70      D70      290         0
                text8                                B3       B3      6E5         0
                text7                              37F8     37F8        3         0
                text6                              29C8     29C8       3B         0
                text5                              2001     2001       18         0
                text4                              2A84     2A84       43         0
                text3                               A9A      A9A       4B         0
                text2                              268E     268E      172         0
                text1                              100F     100F       64         0
                maintext                            AE5      AE5      28B         0
                clrtext                            2820     2820        6         0
                inittext                           2826     2826        6         0
                idataBANK5                         2832     2832        7         0
                idataBANK2                         282C     282C        6         0

        CLASS   STRCODE        
                stringtext29                       3167     3167        9         0
                stringtext28                       315C     315C        B         0
                stringtext27                       314D     314D        F         0
                stringtext26                       313E     313E        F         0
                stringtext25                       312B     312B       13         0
                stringtext24                       3117     3117       14         0
                stringtext23                       3100     3100       17         0
                stringtext22                       30E9     30E9       17         0
                stringtext21                       30C2     30C2       27         0
                stringtext20                       3811     3811        1         0
                stringtext19                       3810     3810        1         0
                stringtext18                       380F     380F        1         0
                stringtext17                       380E     380E        1         0
                stringtext16                       380D     380D        1         0
                stringtext15                       380C     380C        1         0
                stringtext14                       380B     380B        1         0
                stringtext13                       380A     380A        1         0
                stringtext12                       3809     3809        1         0
                stringtext11                       3808     3808        1         0
                stringtext10                       3806     3806        2         0
                stringtext9                        3804     3804        2         0
                stringtext8                        3800     3800        4         0
                stringtext7                        309A     309A       28         0
                stringtext6                        3068     3068       32         0
                stringtext5                        3034     3034       34         0
                stringtext4                        3000     3000       34         0
                stringtext3                        1A00     1A00      200         0
                stringtext2                        1800     1800      200         0
                stringtext1                         798      798      300         0

        CLASS   STRING         

        CLASS   CONST          
                swtext1                            2800     2800       18         0

        CLASS   ENTRY          

        CLASS   COMMON         
                cstackCOMMON                         70       70        A         1
                bssCOMMON                            7A       7A        2         1

        CLASS   BANK0          
                cstackBANK0                          20       20       50         1

        CLASS   BANK1          
                cstackBANK1                          A0       A0       4C         1
                bssBANK1                             EC       EC        2         1

        CLASS   BANK2          
                cstackBANK2                         120      120       3B         1
                dataBANK2                           16A      16A        6         1
                bssBANK2                            15B      15B        F         1

        CLASS   BANK3          
                cstackBANK3                         1A0      1A0        A         1

        CLASS   BANK4          
                cstackBANK4                         220      220       4E         1
                bssBANK4                            26E      26E        2         1

        CLASS   BANK5          
                dataBANK5                           2D2      2D2        7         1
                bssBANK5                            2A0      2A0       32         1

        CLASS   BANK6          
                bssBANK6                            320      320       18         1

        CLASS   BANK7          
                cstackBANK7                         3A0      3A0       50         1

        CLASS   BANK8          

        CLASS   BANK9          

        CLASS   BANK10         

        CLASS   BANK11         

        CLASS   BANK12         

        CLASS   BANK13         

        CLASS   BANK14         

        CLASS   BANK15         

        CLASS   BANK16         

        CLASS   BANK17         

        CLASS   BANK18         

        CLASS   BANK19         

        CLASS   BANK20         

        CLASS   BANK21         

        CLASS   BANK22         

        CLASS   BANK23         

        CLASS   BANK24         

        CLASS   BANK25         

        CLASS   BIGRAM         

        CLASS   RAM            

        CLASS   ABS1           
                abs_s1                               7E       7E        2         1

        CLASS   SFR0           

        CLASS   SFR1           

        CLASS   SFR2           

        CLASS   SFR3           

        CLASS   SFR4           

        CLASS   SFR5           

        CLASS   SFR6           

        CLASS   SFR7           

        CLASS   SFR8           

        CLASS   SFR9           

        CLASS   SFR10          

        CLASS   SFR11          

        CLASS   SFR12          

        CLASS   SFR13          

        CLASS   SFR14          

        CLASS   SFR15          

        CLASS   SFR16          

        CLASS   SFR17          

        CLASS   SFR18          

        CLASS   SFR19          

        CLASS   SFR20          

        CLASS   SFR21          

        CLASS   SFR22          

        CLASS   SFR23          

        CLASS   SFR24          

        CLASS   SFR25          

        CLASS   SFR26          

        CLASS   SFR27          

        CLASS   SFR28          

        CLASS   SFR29          

        CLASS   SFR30          

        CLASS   SFR31          

        CLASS   CONFIG         
                config                             8007     8007        2         0

        CLASS   IDLOC          

        CLASS   EEDATA         

        CLASS   BANK31         

        CLASS   BANK30         

        CLASS   BANK29         

        CLASS   BANK28         

        CLASS   BANK27         

        CLASS   BANK26         



SEGMENTS        Name                           Load    Length   Top    Selector   Space  Class     Delta

                reset_vec                      000000  000002  000002         0       0  CODE        2
                intentry                       000004  000794  000798         8       0  CODE        2
                cstackBANK0                    000020  000050  000070        20       1  BANK0       1
                cstackCOMMON                   000070  00000C  00007C        70       1  COMMON      1
                cstackBANK1                    0000A0  00004E  0000EE        A0       1  BANK1       1
                cstackBANK2                    000120  000050  000170       120       1  BANK2       1
                cstackBANK3                    0001A0  00000A  0001AA       1A0       1  BANK3       1
                cstackBANK4                    000220  000050  000270       220       1  BANK4       1
                bssBANK5                       0002A0  000039  0002D9       2A0       1  BANK5       1
                bssBANK6                       000320  000018  000338       320       1  BANK6       1
                cstackBANK7                    0003A0  000050  0003F0       3A0       1  BANK7       1
                stringtext1                    000798  000300  000A98       F30       0  STRCODE     2
                text3                          000A9A  00004B  000AE5      1534       0  CODE        2
                maintext                       000AE5  00028B  000D70      15CA       0  CODE        2
                text9                          000D70  000290  001000      1AE0       0  CODE        2
                text10                         001001  00000E  00100F      2002       0  CODE        2
                text1                          00100F  000064  001073      201E       0  CODE        2
                text58                         001073  00018F  001202      20E6       0  CODE        2
                text11                         001202  0001D6  0013D8      2404       0  CODE        2
                text59                         0013D8  0001FC  0015D4      27B0       0  CODE        2
                text37                         0015D4  00022C  001800      2BA8       0  CODE        2
                stringtext2                    001800  000400  001C00      3000       0  STRCODE     2
                text19                         001C00  00000A  001C0A      3800       0  CODE        2
                text24                         001C0A  0000DD  001CE7      3814       0  CODE        2
                text26                         001CE7  00018B  001E72      39CE       0  CODE        2
                text20                         001E72  00018E  002000      3CE4       0  CODE        2
                text5                          002001  000018  002019      4002       0  CODE        2
                text34                         002019  000099  0020B2      4032       0  CODE        2
                text25                         0020B2  00009A  00214C      4164       0  CODE        2
                text50                         00214C  00009E  0021EA      4298       0  CODE        2
                text14                         0021EA  0000B6  0022A0      43D4       0  CODE        2
                text23                         0022A0  0000C1  002361      4540       0  CODE        2
                text15                         002361  0000C5  002426      46C2       0  CODE        2
                text21                         002426  000130  002556      484C       0  CODE        2
                text8_split_1                  002556  000138  00268E      4AAC       0  CODE        2
                text2                          00268E  000172  002800      4D1C       0  CODE        2
                swtext1                        002800  000018  002818      5000       0  CONST       2
                text42                         00281A  000006  002820      5034       0  CODE        2
                clrtext                        002820  000006  002826      5040       0  CODE        2
                inittext                       002826  000006  00282C      504C       0  CODE        2
                idataBANK2                     00282C  000006  002832      5058       0  CODE        2
                idataBANK5                     002832  000007  002839      5064       0  CODE        2
                text51                         002839  000009  002842      5072       0  CODE        2
                text53                         002842  00000B  00284D      5084       0  CODE        2
                text43                         00284D  00000B  002858      509A       0  CODE        2
                text30                         002858  00000C  002864      50B0       0  CODE        2
                text41                         002864  00000D  002871      50C8       0  CODE        2
                text55                         002871  000011  002882      50E2       0  CODE        2
                text48                         002882  000011  002893      5104       0  CODE        2
                text46                         002893  000011  0028A4      5126       0  CODE        2
                text45                         0028A4  000012  0028B6      5148       0  CODE        2
                text52                         0028B6  000015  0028CB      516C       0  CODE        2
                text27                         0028CB  00001B  0028E6      5196       0  CODE        2
                text47                         0028E6  00001E  002904      51CC       0  CODE        2
                text18                         002904  00001F  002923      5208       0  CODE        2
                text38                         002923  000020  002943      5246       0  CODE        2
                text40                         002943  000026  002969      5286       0  CODE        2
                text29                         002969  00002F  002998      52D2       0  CODE        2
                text31                         002998  000030  0029C8      5330       0  CODE        2
                text6                          0029C8  00003B  002A03      5390       0  CODE        2
                text35                         002A03  00003E  002A41      5406       0  CODE        2
                text16                         002A41  000043  002A84      5482       0  CODE        2
                text4                          002A84  000043  002AC7      5508       0  CODE        2
                text12                         002AC7  000045  002B0C      558E       0  CODE        2
                text54                         002B0C  00004F  002B5B      5618       0  CODE        2
                text22                         002B5B  000052  002BAD      56B6       0  CODE        2
                text13                         002BAD  000052  002BFF      575A       0  CODE        2
                text17                         002BFF  000053  002C52      57FE       0  CODE        2
                text39                         002C52  000054  002CA6      58A4       0  CODE        2
                text28                         002CA6  000055  002CFB      594C       0  CODE        2
                text49                         002CFB  00005F  002D5A      59F6       0  CODE        2
                text32                         002D5A  00007F  002DD9      5AB4       0  CODE        2
                text33                         002DD9  000081  002E5A      5BB2       0  CODE        2
                text56                         002E5A  000087  002EE1      5CB4       0  CODE        2
                text36                         002EE1  000089  002F6A      5DC2       0  CODE        2
                text57                         002F6A  000096  003000      5ED4       0  CODE        2
                stringtext4                    003000  000170  003170      6000       0  STRCODE     2
                text61                         0037F5  000003  0037F8      6FEA       0  CODE        2
                text7                          0037F8  000003  0037FB      6FF0       0  CODE        2
                text44                         0037FB  000005  003800      6FF6       0  CODE        2
                stringtext8                    003800  000012  003812      7000       0  STRCODE     2
                config                         008007  000002  008009     1000E       0  CONFIG      2


UNUSED ADDRESS RANGES

        Name                Unused          Largest block    Delta
        BANK1            0000EE-0000EF                2           1
        BANK10           000520-00056F               50           1
        BANK11           0005A0-0005EF               50           1
        BANK12           000620-00066F               50           1
        BANK13           0006A0-0006EF               50           1
        BANK14           000720-00076F               50           1
        BANK15           0007A0-0007EF               50           1
        BANK16           000820-00086F               50           1
        BANK17           0008A0-0008EF               50           1
        BANK18           000920-00096F               50           1
        BANK19           0009A0-0009EF               50           1
        BANK20           000A20-000A6F               50           1
        BANK21           000AA0-000AEF               50           1
        BANK22           000B20-000B6F               50           1
        BANK23           000BA0-000BEF               50           1
        BANK24           000C20-000C6F               50           1
        BANK25           000CA0-000CBF               20           1
        BANK3            0001AA-0001EF               46           1
        BANK5            0002D9-0002EF               17           1
        BANK6            000338-00036F               38           1
        BANK8            000420-00046F               50           1
        BANK9            0004A0-0004EF               50           1
        BIGRAM           002000-0027EF              7F0           1
        CODE             000002-000003                2           2
                         000A98-000A99                2
                         001000-001000                1
                         002000-002000                1
                         002818-002819                2
                         003170-0037F4              685
                         003812-003FFF              7EE
        COMMON           00007C-00007D                2           1
        CONST            000002-000003                2           2
                         000A98-000A99                2
                         001000-001000                1
                         002000-002000                1
                         002818-002819                2
                         003170-0037F4              100
                         003812-003FFF              100
        EEDATA           00F000-00F0FF              100           2
        ENTRY            000002-000003                2           2
                         000A98-000A99                2
                         001000-001000                1
                         002000-002000                1
                         002818-002819                2
                         003170-0037F4              100
                         003812-003FFF              100
        IDLOC            008000-008003                4           2
        RAM              0000EE-0000EF                2           1
                         0001AA-0001EF               46
                         0002D9-0002EF               17
                         000338-00036F               38
                         000420-00046F               50
                         0004A0-0004EF               50
                         000520-00056F               50
                         0005A0-0005EF               50
                         000620-00066F               50
                         0006A0-0006EF               50
                         000720-00076F               50
                         0007A0-0007EF               50
                         000820-00086F               50
                         0008A0-0008EF               50
                         000920-00096F               50
                         0009A0-0009EF               50
                         000A20-000A6F               50
                         000AA0-000AEF               50
                         000B20-000B6F               50
                         000BA0-000BEF               50
                         000C20-000C6F               50
                         000CA0-000CBF               20
        SFR0             000000-00001F               20           1
        SFR1             000080-00009F               20           1
        SFR10            000500-00051F               20           1
        SFR11            000580-00059F               20           1
        SFR12            000600-00061F               20           1
        SFR13            000680-00069F               20           1
        SFR14            000700-00071F               20           1
        SFR15            000780-00079F               20           1
        SFR16            000800-00081F               20           1
        SFR17            000880-00089F               20           1
        SFR18            000900-00091F               20           1
        SFR19            000980-00099F               20           1
        SFR2             000100-00011F               20           1
        SFR20            000A00-000A1F               20           1
        SFR21            000A80-000A9F               20           1
        SFR22            000B00-000B1F               20           1
        SFR23            000B80-000B9F               20           1
        SFR24            000C00-000C1F               20           1
        SFR25            000C80-000C9F               20           1
        SFR26            000D00-000D6F               70           1
        SFR27            000D80-000DEF               70           1
        SFR28            000E00-000E6F               70           1
        SFR29            000E80-000EEF               70           1
        SFR3             000180-00019F               20           1
        SFR30            000F00-000F6F               70           1
        SFR31            000F80-000FEF               70           1
        SFR4             000200-00021F               20           1
        SFR5             000280-00029F               20           1
        SFR6             000300-00031F               20           1
        SFR7             000380-00039F               20           1
        SFR8             000400-00041F               20           1
        SFR9             000480-00049F               20           1
        STACK            002280-0027EF              570           1
        STRCODE          000002-000003                2           2
                         000A98-000A99                2
                         001000-001000                1
                         002000-002000                1
                         002818-002819                2
                         003170-0037F4              685
                         003812-003FFF              7EE
        STRING           000002-000003                2           2
                         000A98-000A99                2
                         001000-001000                1
                         002000-002000                1
                         002818-002819                2
                         003170-0037F4              100
                         003812-003FFF              100

                                  Symbol Table

?__Umul8_16                            cstackCOMMON 000072
?___awdiv                              cstackBANK0  000020
?___awmod                              cstackCOMMON 000072
?___fladd                              cstackBANK1  0000A9
?___fldiv                              cstackBANK0  000052
?___flmul                              cstackBANK0  000038
?___flneg                              cstackBANK0  00006C
?___flsub                              cstackBANK1  0000C1
?___fltol                              cstackBANK0  00006B
?___lldiv                              cstackCOMMON 000072
?___llmod                              cstackBANK0  000026
?___wmul                               cstackCOMMON 000072
?___xxtofl                             cstackBANK0  00002E
?__div_to_l_                           cstackCOMMON 000072
?__tdiv_to_l_                          cstackCOMMON 000072
?_adcRead                              cstackCOMMON 000072
?_avgBuff                              cstackBANK1  0000C1
?_calculateCurrent                     cstackBANK1  0000C1
?_calculateTemp                        cstackBANK1  0000A7
?_fround                               cstackBANK0  000052
?_getCurrent                           cstackBANK1  0000CD
?_getTemps                             cstackBANK1  0000AF
?_pec15_calc                           cstackCOMMON 000076
?_scale                                cstackBANK0  000052
?_sprintf                              cstackBANK1  0000D1
?_startUp                              cstackBANK1  0000E6
?_sumVoltages                          cstackBANK1  0000C1
LTC6804_adcv@cmd                       cstackBANK0  00002F
LTC6804_adcv@cmd_pec                   cstackBANK0  000033
LTC6804_rdaux@BYT_IN_REG               stringtext15 00380C
LTC6804_rdaux@GPIO_IN_REG              stringtext14 00380B
LTC6804_rdaux@NUM_RX_BYT               stringtext16 00380D
LTC6804_rdaux_reg@REG_LEN              stringtext13 00380A
LTC6804_rdcfg@BYTES_IN_REG             stringtext11 003808
LTC6804_rdcv@BYT_IN_REG                stringtext19 003810
LTC6804_rdcv@CELL_IN_REG               stringtext18 00380F
LTC6804_rdcv@NUM_RX_BYT                stringtext20 003811
LTC6804_rdcv@cell_codes                cstackBANK0  00003D
LTC6804_rdcv@cell_data                 cstackBANK0  000043
LTC6804_rdcv@cell_reg                  cstackBANK0  000057
LTC6804_rdcv@current_cell              cstackBANK0  000054
LTC6804_rdcv@current_cell_1361         cstackBANK0  000056
LTC6804_rdcv@current_ic                cstackBANK0  000053
LTC6804_rdcv@current_ic_1360           cstackBANK0  000055
LTC6804_rdcv@data_counter              cstackBANK0  000058
LTC6804_rdcv@data_pec                  cstackBANK0  000050
LTC6804_rdcv@parsed_cell               cstackBANK0  00004C
LTC6804_rdcv@pec_error                 cstackBANK0  00004B
LTC6804_rdcv@received_pec              cstackBANK0  00004E
LTC6804_rdcv@reg                       cstackBANK0  000052
LTC6804_rdcv@total_ic                  cstackBANK0  00003C
LTC6804_rdcv_reg@REG_LEN               stringtext17 00380E
LTC6804_rdcv_reg@cmd                   cstackBANK0  000037
LTC6804_rdcv_reg@cmd_pec               cstackBANK0  000035
LTC6804_rdcv_reg@data                  cstackBANK0  000030
LTC6804_rdcv_reg@reg                   cstackBANK0  00003B
LTC6804_rdcv_reg@total_ic              cstackBANK0  00002F
LTC6804_rdstat_reg@REG_LEN             stringtext21 0030C2
LTC6804_wrcfg@BYTES_IN_REG             stringtext12 003809
LTC6804_wrcfg@CMD_LEN                  cstackBANK0  00003F
LTC6804_wrcfg@cfg_pec                  cstackBANK0  000041
LTC6804_wrcfg@cmd                      cstackBANK0  000033
LTC6804_wrcfg@cmd_index                cstackBANK0  000045
LTC6804_wrcfg@config                   cstackCOMMON 000079
LTC6804_wrcfg@current_byte             cstackBANK0  000043
LTC6804_wrcfg@current_ic               cstackBANK0  000044
LTC6804_wrcfg@total_ic                 cstackBANK0  000040
SSD1306_Test@F7528                     dataBANK5    0002D7
_ADAX                                  bssBANK2     000168
_ADCON0                                (abs)        00009D
_ADCON0bits                            (abs)        00009D
_ADCON1                                (abs)        00009E
_ADCON2                                (abs)        00009F
_ADCV                                  bssBANK1     0000EC
_ADRESH                                (abs)        00009C
_ADRESL                                (abs)        00009B
_ADSTAT                                bssBANK2     000166
_ANSELA                                (abs)        00018C
_ANSELB                                (abs)        00018D
_ANSELD                                (abs)        00018F
_APFCON1bits                           (abs)        00011D
_CCP2CON                               (abs)        00029A
_INTCONbits                            (abs)        00000B
_ISR                                   intentry     000004
_LATAbits                              (abs)        00010C
_LATBbits                              (abs)        00010D
_LATDbits                              (abs)        00010F
_LTC6804_adcv                          text31       002998
_LTC6804_initialize                    text48       002882
_LTC6804_rdcv                          text26       001CE7
_LTC6804_rdcv_reg                      text28       002CA6
_LTC6804_wrcfg                         text50       00214C
_OPTION_REG                            (abs)        000095
_PIE1bits                              (abs)        000091
_PIE2bits                              (abs)        000092
_PIR1bits                              (abs)        000011
_PIR2bits                              (abs)        000012
_PR2                                   (abs)        00001B
_RCSTAbits                             (abs)        00019D
_SPBRGH                                (abs)        00019C
_SPBRGL                                (abs)        00019B
_SSP1BUF                               (abs)        000211
_SSP1CON1                              (abs)        000215
_SSP1CON1bits                          (abs)        000215
_SSP1CON3bits                          (abs)        000217
_SSP1STATbits                          (abs)        000214
_SSPADD                                (abs)        000212
_SSPBUF                                (abs)        000211
_SSPCON1                               (abs)        000215
_SSPCON2bits                           (abs)        000216
_SSPSTAT                               (abs)        000214
_SSPSTATbits                           (abs)        000214
_T2CON                                 (abs)        00001C
_TRISAbits                             (abs)        00008C
_TRISBbits                             (abs)        00008D
_TRISCbits                             (abs)        00008E
_TRISDbits                             (abs)        00008F
_TXREG                                 (abs)        00019A
_TXSTAbits                             (abs)        00019E
_WPUD                                  (abs)        00020F
__CFG_BOREN$ON                         (abs)        000000
__CFG_BORV$LO                          (abs)        000000
__CFG_CLKOUTEN$OFF                     (abs)        000000
__CFG_CP$OFF                           (abs)        000000
__CFG_CPD$OFF                          (abs)        000000
__CFG_FCMEN$ON                         (abs)        000000
__CFG_FOSC$HS                          (abs)        000000
__CFG_IESO$OFF                         (abs)        000000
__CFG_LPBOR$OFF                        (abs)        000000
__CFG_LVP$OFF                          (abs)        000000
__CFG_MCLRE$ON                         (abs)        000000
__CFG_PLLEN$ON                         (abs)        000000
__CFG_PWRTE$OFF                        (abs)        000000
__CFG_STVREN$ON                        (abs)        000000
__CFG_VCAPEN$OFF                       (abs)        000000
__CFG_WDTE$OFF                         (abs)        000000
__CFG_WRT$OFF                          (abs)        000000
__Habs1                                abs1         000000
__Hbank0                               bank0        000000
__Hbank1                               bank1        000000
__Hbank10                              bank10       000000
__Hbank11                              bank11       000000
__Hbank12                              bank12       000000
__Hbank13                              bank13       000000
__Hbank14                              bank14       000000
__Hbank15                              bank15       000000
__Hbank16                              bank16       000000
__Hbank17                              bank17       000000
__Hbank18                              bank18       000000
__Hbank19                              bank19       000000
__Hbank2                               bank2        000000
__Hbank20                              bank20       000000
__Hbank21                              bank21       000000
__Hbank22                              bank22       000000
__Hbank23                              bank23       000000
__Hbank24                              bank24       000000
__Hbank25                              bank25       000000
__Hbank26                              bank26       000000
__Hbank27                              bank27       000000
__Hbank28                              bank28       000000
__Hbank29                              bank29       000000
__Hbank3                               bank3        000000
__Hbank30                              bank30       000000
__Hbank31                              bank31       000000
__Hbank4                               bank4        000000
__Hbank5                               bank5        000000
__Hbank6                               bank6        000000
__Hbank7                               bank7        000000
__Hbank8                               bank8        000000
__Hbank9                               bank9        000000
__Hbigram                              bigram       000000
__HbssBANK1                            bssBANK1     000000
__HbssBANK2                            bssBANK2     000000
__HbssBANK4                            bssBANK4     000000
__HbssBANK5                            bssBANK5     000000
__HbssBANK6                            bssBANK6     000000
__HbssCOMMON                           bssCOMMON    000000
__Hcinit                               cinit        0000B3
__Hclrtext                             clrtext      000000
__Hcode                                code         000000
__Hcommon                              common       000000
__Hconfig                              config       008009
__HcstackBANK0                         cstackBANK0  000000
__HcstackBANK1                         cstackBANK1  000000
__HcstackBANK2                         cstackBANK2  000000
__HcstackBANK3                         cstackBANK3  000000
__HcstackBANK4                         cstackBANK4  000000
__HcstackBANK7                         cstackBANK7  000000
__HcstackCOMMON                        cstackCOMMON 000000
__HdataBANK2                           dataBANK2    000000
__HdataBANK5                           dataBANK5    000000
__Heeprom_data                         eeprom_data  000000
__Hend_init                            end_init     000078
__Hfunctab                             functab      000000
__HidataBANK2                          idataBANK2   000000
__HidataBANK5                          idataBANK5   000000
__Hidloc                               idloc        000000
__Hinit                                init         000076
__Hinittext                            inittext     000000
__Hintentry                            intentry     000076
__Hmaintext                            maintext     000000
__Hpowerup                             powerup      000000
__Hram                                 ram          000000
__Hreset_vec                           reset_vec    000002
__Hsfr0                                sfr0         000000
__Hsfr1                                sfr1         000000
__Hsfr10                               sfr10        000000
__Hsfr11                               sfr11        000000
__Hsfr12                               sfr12        000000
__Hsfr13                               sfr13        000000
__Hsfr14                               sfr14        000000
__Hsfr15                               sfr15        000000
__Hsfr16                               sfr16        000000
__Hsfr17                               sfr17        000000
__Hsfr18                               sfr18        000000
__Hsfr19                               sfr19        000000
__Hsfr2                                sfr2         000000
__Hsfr20                               sfr20        000000
__Hsfr21                               sfr21        000000
__Hsfr22                               sfr22        000000
__Hsfr23                               sfr23        000000
__Hsfr24                               sfr24        000000
__Hsfr25                               sfr25        000000
__Hsfr26                               sfr26        000000
__Hsfr27                               sfr27        000000
__Hsfr28                               sfr28        000000
__Hsfr29                               sfr29        000000
__Hsfr3                                sfr3         000000
__Hsfr30                               sfr30        000000
__Hsfr31                               sfr31        000000
__Hsfr4                                sfr4         000000
__Hsfr5                                sfr5         000000
__Hsfr6                                sfr6         000000
__Hsfr7                                sfr7         000000
__Hsfr8                                sfr8         000000
__Hsfr9                                sfr9         000000
__Hspace_0                             (abs)        008009
__Hspace_1                             (abs)        0003F0
__Hspace_2                             (abs)        000000
__Hspace_3                             (abs)        000000
__Hstack                               stack        000000
__Hstrings                             strings      000000
__Hstringtext1                         stringtext1  000000
__Hstringtext10                        stringtext10 000000
__Hstringtext11                        stringtext11 000000
__Hstringtext12                        stringtext12 000000
__Hstringtext13                        stringtext13 000000
__Hstringtext14                        stringtext14 000000
__Hstringtext15                        stringtext15 000000
__Hstringtext16                        stringtext16 000000
__Hstringtext17                        stringtext17 000000
__Hstringtext18                        stringtext18 000000
__Hstringtext19                        stringtext19 000000
__Hstringtext2                         stringtext2  000000
__Hstringtext20                        stringtext20 000000
__Hstringtext21                        stringtext21 000000
__Hstringtext22                        stringtext22 000000
__Hstringtext23                        stringtext23 000000
__Hstringtext24                        stringtext24 000000
__Hstringtext25                        stringtext25 000000
__Hstringtext26                        stringtext26 000000
__Hstringtext27                        stringtext27 000000
__Hstringtext28                        stringtext28 000000
__Hstringtext29                        stringtext29 000000
__Hstringtext3                         stringtext3  000000
__Hstringtext30                        stringtext30 000000
__Hstringtext4                         stringtext4  000000
__Hstringtext5                         stringtext5  000000
__Hstringtext6                         stringtext6  000000
__Hstringtext7                         stringtext7  000000
__Hstringtext8                         stringtext8  000000
__Hstringtext9                         stringtext9  000000
__Htext                                text         000000
__Labs1                                abs1         000000
__Lbank0                               bank0        000000
__Lbank1                               bank1        000000
__Lbank10                              bank10       000000
__Lbank11                              bank11       000000
__Lbank12                              bank12       000000
__Lbank13                              bank13       000000
__Lbank14                              bank14       000000
__Lbank15                              bank15       000000
__Lbank16                              bank16       000000
__Lbank17                              bank17       000000
__Lbank18                              bank18       000000
__Lbank19                              bank19       000000
__Lbank2                               bank2        000000
__Lbank20                              bank20       000000
__Lbank21                              bank21       000000
__Lbank22                              bank22       000000
__Lbank23                              bank23       000000
__Lbank24                              bank24       000000
__Lbank25                              bank25       000000
__Lbank26                              bank26       000000
__Lbank27                              bank27       000000
__Lbank28                              bank28       000000
__Lbank29                              bank29       000000
__Lbank3                               bank3        000000
__Lbank30                              bank30       000000
__Lbank31                              bank31       000000
__Lbank4                               bank4        000000
__Lbank5                               bank5        000000
__Lbank6                               bank6        000000
__Lbank7                               bank7        000000
__Lbank8                               bank8        000000
__Lbank9                               bank9        000000
__Lbigram                              bigram       000000
__LbssBANK1                            bssBANK1     000000
__LbssBANK2                            bssBANK2     000000
__LbssBANK4                            bssBANK4     000000
__LbssBANK5                            bssBANK5     000000
__LbssBANK6                            bssBANK6     000000
__LbssCOMMON                           bssCOMMON    000000
__Lcinit                               cinit        000078
__Lclrtext                             clrtext      000000
__Lcode                                code         000000
__Lcommon                              common       000000
__Lconfig                              config       008007
__LcstackBANK0                         cstackBANK0  000000
__LcstackBANK1                         cstackBANK1  000000
__LcstackBANK2                         cstackBANK2  000000
__LcstackBANK3                         cstackBANK3  000000
__LcstackBANK4                         cstackBANK4  000000
__LcstackBANK7                         cstackBANK7  000000
__LcstackCOMMON                        cstackCOMMON 000000
__LdataBANK2                           dataBANK2    000000
__LdataBANK5                           dataBANK5    000000
__Leeprom_data                         eeprom_data  000000
__Lend_init                            end_init     000076
__Lfunctab                             functab      000000
__LidataBANK2                          idataBANK2   000000
__LidataBANK5                          idataBANK5   000000
__Lidloc                               idloc        000000
__Linit                                init         000076
__Linittext                            inittext     000000
__Lintentry                            intentry     000004
__Lmaintext                            maintext     000000
__Lpowerup                             powerup      000000
__Lram                                 ram          000000
__Lreset_vec                           reset_vec    000000
__Lsfr0                                sfr0         000000
__Lsfr1                                sfr1         000000
__Lsfr10                               sfr10        000000
__Lsfr11                               sfr11        000000
__Lsfr12                               sfr12        000000
__Lsfr13                               sfr13        000000
__Lsfr14                               sfr14        000000
__Lsfr15                               sfr15        000000
__Lsfr16                               sfr16        000000
__Lsfr17                               sfr17        000000
__Lsfr18                               sfr18        000000
__Lsfr19                               sfr19        000000
__Lsfr2                                sfr2         000000
__Lsfr20                               sfr20        000000
__Lsfr21                               sfr21        000000
__Lsfr22                               sfr22        000000
__Lsfr23                               sfr23        000000
__Lsfr24                               sfr24        000000
__Lsfr25                               sfr25        000000
__Lsfr26                               sfr26        000000
__Lsfr27                               sfr27        000000
__Lsfr28                               sfr28        000000
__Lsfr29                               sfr29        000000
__Lsfr3                                sfr3         000000
__Lsfr30                               sfr30        000000
__Lsfr31                               sfr31        000000
__Lsfr4                                sfr4         000000
__Lsfr5                                sfr5         000000
__Lsfr6                                sfr6         000000
__Lsfr7                                sfr7         000000
__Lsfr8                                sfr8         000000
__Lsfr9                                sfr9         000000
__Lspace_0                             (abs)        000000
__Lspace_1                             (abs)        000000
__Lspace_2                             (abs)        000000
__Lspace_3                             (abs)        000000
__Lstack                               stack        000000
__Lstrings                             strings      000000
__Lstringtext1                         stringtext1  000000
__Lstringtext10                        stringtext10 000000
__Lstringtext11                        stringtext11 000000
__Lstringtext12                        stringtext12 000000
__Lstringtext13                        stringtext13 000000
__Lstringtext14                        stringtext14 000000
__Lstringtext15                        stringtext15 000000
__Lstringtext16                        stringtext16 000000
__Lstringtext17                        stringtext17 000000
__Lstringtext18                        stringtext18 000000
__Lstringtext19                        stringtext19 000000
__Lstringtext2                         stringtext2  000000
__Lstringtext20                        stringtext20 000000
__Lstringtext21                        stringtext21 000000
__Lstringtext22                        stringtext22 000000
__Lstringtext23                        stringtext23 000000
__Lstringtext24                        stringtext24 000000
__Lstringtext25                        stringtext25 000000
__Lstringtext26                        stringtext26 000000
__Lstringtext27                        stringtext27 000000
__Lstringtext28                        stringtext28 000000
__Lstringtext29                        stringtext29 000000
__Lstringtext3                         stringtext3  000000
__Lstringtext30                        stringtext30 000000
__Lstringtext4                         stringtext4  000000
__Lstringtext5                         stringtext5  000000
__Lstringtext6                         stringtext6  000000
__Lstringtext7                         stringtext7  000000
__Lstringtext8                         stringtext8  000000
__Lstringtext9                         stringtext9  000000
__Ltext                                text         000000
__S0                                   (abs)        008009
__S1                                   (abs)        0003F0
__S2                                   (abs)        000000
__S3                                   (abs)        000000
__Umul8_16                             text38       002923
__Umul8_16@multiplicand                cstackCOMMON 000072
__Umul8_16@multiplier                  cstackBANK0  000024
__Umul8_16@product                     cstackBANK0  000020
__Umul8_16@word_mpld                   cstackBANK0  000022
___awdiv                               text13       002BAD
___awdiv@counter                       cstackBANK0  000024
___awdiv@dividend                      cstackBANK0  000022
___awdiv@divisor                       cstackBANK0  000020
___awdiv@quotient                      cstackBANK0  000026
___awdiv@sign                          cstackBANK0  000025
___awmod                               text12       002AC7
___awmod@counter                       cstackCOMMON 000077
___awmod@dividend                      cstackCOMMON 000074
___awmod@divisor                       cstackCOMMON 000072
___awmod@sign                          cstackCOMMON 000078
___bmul                                text55       002871
___bmul@multiplicand                   cstackCOMMON 000072
___bmul@multiplier                     cstackCOMMON 000075
___bmul@product                        cstackCOMMON 000074
___fladd                               text59       0013D8
___fladd@a                             cstackBANK1  0000AD
___fladd@aexp                          cstackBANK1  0000BE
___fladd@b                             cstackBANK1  0000A9
___fladd@bexp                          cstackBANK1  0000BF
___fladd@grs                           cstackBANK1  0000C0
___fladd@signs                         cstackBANK1  0000BD
___fldiv                               text58       001073
___fldiv@a                             cstackBANK0  000052
___fldiv@aexp                          cstackBANK0  00006B
___fldiv@b                             cstackBANK0  000056
___fldiv@bexp                          cstackBANK0  00006A
___fldiv@grs                           cstackBANK0  000066
___fldiv@new_exp                       cstackBANK0  000064
___fldiv@rem                           cstackBANK0  000060
___fldiv@sign                          cstackBANK0  00005F
___flge                                text25       0020B2
___flge@ff1                            cstackBANK1  0000C1
___flge@ff2                            cstackBANK1  0000C5
___flmul                               text37       0015D4
___flmul@a                             cstackBANK0  00003C
___flmul@aexp                          cstackBANK0  000046
___flmul@b                             cstackBANK0  000038
___flmul@bexp                          cstackBANK0  00004B
___flmul@grs                           cstackBANK0  000047
___flmul@prod                          cstackBANK0  00004C
___flmul@sign                          cstackBANK0  000045
___flmul@temp                          cstackBANK0  000050
___flneg                               text19       001C00
___flneg@f1                            cstackBANK0  00006C
___flsub                               text18       002904
___flsub@a                             cstackBANK1  0000C1
___flsub@b                             cstackBANK1  0000C5
___fltol                               text34       002019
___fltol@exp1                          cstackBANK1  0000A6
___fltol@f1                            cstackBANK0  00006B
___fltol@sign1                         cstackBANK1  0000A5
___int_sp                              stack        000000
___latbits                             (abs)        000003
___lldiv                               text17       002BFF
___lldiv@counter                       cstackBANK0  000025
___lldiv@dividend                      cstackCOMMON 000076
___lldiv@divisor                       cstackCOMMON 000072
___lldiv@quotient                      cstackBANK0  000021
___llmod                               text16       002A41
___llmod@counter                       cstackBANK0  00002F
___llmod@dividend                      cstackBANK0  00002A
___llmod@divisor                       cstackBANK0  000026
___sp                                  stack        000000
___wmul                                text27       0028CB
___wmul@multiplicand                   cstackCOMMON 000074
___wmul@multiplier                     cstackCOMMON 000072
___wmul@product                        cstackCOMMON 000076
___xxtofl                              text57       002F6A
___xxtofl@arg                          cstackBANK0  000034
___xxtofl@exp                          cstackBANK0  000033
___xxtofl@sign                         cstackBANK0  000032
___xxtofl@val                          cstackBANK0  00002E
__div_to_l_                            text15       002361
__div_to_l_@cntr                       cstackBANK0  000029
__div_to_l_@exp1                       cstackBANK0  00002A
__div_to_l_@f1                         cstackCOMMON 000072
__div_to_l_@f2                         cstackCOMMON 000076
__div_to_l_@quot                       cstackBANK0  000025
__end_ofLTC6804_rdaux@BYT_IN_REG       stringtext15 00380D
__end_ofLTC6804_rdaux@GPIO_IN_REG      stringtext14 00380C
__end_ofLTC6804_rdaux@NUM_RX_BYT       stringtext16 00380E
__end_ofLTC6804_rdaux_reg@REG_LEN      stringtext13 00380B
__end_ofLTC6804_rdcfg@BYTES_IN_REG     stringtext11 003809
__end_ofLTC6804_rdcv@BYT_IN_REG        stringtext19 003811
__end_ofLTC6804_rdcv@CELL_IN_REG       stringtext18 003810
__end_ofLTC6804_rdcv@NUM_RX_BYT        stringtext20 003812
__end_ofLTC6804_rdcv_reg@REG_LEN       stringtext17 00380F
__end_ofLTC6804_rdstat_reg@REG_LEN     stringtext21 0030C3
__end_ofLTC6804_wrcfg@BYTES_IN_REG     stringtext12 00380A
__end_of_Beta                          stringtext10 003808
__end_of_ISR                           intentry     000076
__end_of_LTC6804_adcv                  text31       0029C8
__end_of_LTC6804_initialize            text48       002893
__end_of_LTC6804_rdcv                  text26       001E72
__end_of_LTC6804_rdcv_reg              text28       002CFB
__end_of_LTC6804_wrcfg                 text50       0021EA
__end_of_OledFont                      stringtext1  000A98
__end_of__Umul8_16                     text38       002943
__end_of___awdiv                       text13       002BFF
__end_of___awmod                       text12       002B0C
__end_of___bmul                        text55       002882
__end_of___fladd                       text59       0015D4
__end_of___fldiv                       text58       001202
__end_of___flge                        text25       00214C
__end_of___flmul                       text37       001800
__end_of___flneg                       text19       001C0A
__end_of___flsub                       text18       002923
__end_of___fltol                       text34       0020B2
__end_of___lldiv                       text17       002C52
__end_of___llmod                       text16       002A84
__end_of___wmul                        text27       0028E6
__end_of___xxtofl                      text57       003000
__end_of__div_to_l_                    text15       002426
__end_of__initialization               cinit        0000AF
__end_of__npowers_                     stringtext5  003068
__end_of__powers_                      stringtext4  003034
__end_of__tdiv_to_l_                   text14       0022A0
__end_of_adcRead                       text39       002CA6
__end_of_adcSetup                      text47       002904
__end_of_avgBuff                       text56       002EE1
__end_of_calculateCurrent              text36       002F6A
__end_of_calculateTemp                 text33       002E5A
__end_of_cellBalancing                 text23       002361
__end_of_clearScreen                   text6        002A03
__end_of_crc15Table                    stringtext3  001C00
__end_of_dpowers                       stringtext7  0030C2
__end_of_fround                        text11       0013D8
__end_of_getCurrent                    text35       002A41
__end_of_getTemps                      text32       002DD9
__end_of_i2cSetup                      text46       0028A4
__end_of_isdigit                       text10       00100F
__end_of_main                          maintext     000D70
__end_of_measureVoltages               text21       002556
__end_of_pec15_calc                    text54       002B5B
__end_of_scale                         text9        001000
__end_of_setDischarge                  text24       001CE7
__end_of_set_adc                       text49       002D5A
__end_of_setup                         text40       002969
__end_of_spiSetup                      text45       0028B6
__end_of_spi_read                      text30       002864
__end_of_spi_write                     text53       00284D
__end_of_spi_write_array               text52       0028CB
__end_of_spi_write_read                text29       002998
__end_of_sprintf                       text8_split_1 00268E
__end_of_startUp                       text20       002000
__end_of_sumVoltages                   text22       002BAD
__end_of_t0                            stringtext8  003804
__end_of_temperatures                  stringtext6  00309A
__end_of_timer0Setup                   text44       003800
__end_of_timer2Setup                   text43       002858
__end_of_timerSetup                    text42       002820
__end_of_uartDisable                   text61       0037F8
__end_of_uartEnable                    text7        0037FB
__end_of_uartSetup                     text41       002871
__end_of_wakeup_idle                   text51       002842
__end_of_writeCurrent                  text5        002019
__end_of_writeSOC                      text4        002AC7
__end_of_writeTemps                    text3        000AE5
__end_of_writeValuesToUart             text1        001073
__end_of_writeVoltages                 text2        002800
__end_ofltc6804@crc15Table             stringtext2  001A00
__end_ofmain@total_capacity            stringtext9  003806
__initialization                       cinit        000078
__npowers_                             stringtext5  003034
__pbssBANK1                            bssBANK1     0000EC
__pbssBANK2                            bssBANK2     00015B
__pbssBANK4                            bssBANK4     00026E
__pbssBANK5                            bssBANK5     0002A0
__pbssBANK6                            bssBANK6     000320
__pbssCOMMON                           bssCOMMON    00007A
__pcstackBANK0                         cstackBANK0  000020
__pcstackBANK1                         cstackBANK1  0000A0
__pcstackBANK2                         cstackBANK2  000120
__pcstackBANK3                         cstackBANK3  0001A0
__pcstackBANK4                         cstackBANK4  000220
__pcstackBANK7                         cstackBANK7  0003A0
__pcstackCOMMON                        cstackCOMMON 000070
__pdataBANK2                           dataBANK2    00016A
__pdataBANK5                           dataBANK5    0002D2
__pidataBANK2                          idataBANK2   00282C
__pidataBANK5                          idataBANK5   002832
__pintentry                            intentry     000004
__pmaintext                            maintext     000AE5
__powers_                              stringtext4  003000
__pstringtext1                         stringtext1  000798
__pstringtext10                        stringtext10 003806
__pstringtext11                        stringtext11 003808
__pstringtext12                        stringtext12 003809
__pstringtext13                        stringtext13 00380A
__pstringtext14                        stringtext14 00380B
__pstringtext15                        stringtext15 00380C
__pstringtext16                        stringtext16 00380D
__pstringtext17                        stringtext17 00380E
__pstringtext18                        stringtext18 00380F
__pstringtext19                        stringtext19 003810
__pstringtext2                         stringtext2  001800
__pstringtext20                        stringtext20 003811
__pstringtext21                        stringtext21 0030C2
__pstringtext22                        stringtext22 0030E9
__pstringtext23                        stringtext23 003100
__pstringtext24                        stringtext24 003117
__pstringtext25                        stringtext25 00312B
__pstringtext26                        stringtext26 00313E
__pstringtext27                        stringtext27 00314D
__pstringtext28                        stringtext28 00315C
__pstringtext29                        stringtext29 003167
__pstringtext3                         stringtext3  001A00
__pstringtext30                        stringtext30 000000
__pstringtext4                         stringtext4  003000
__pstringtext5                         stringtext5  003034
__pstringtext6                         stringtext6  003068
__pstringtext7                         stringtext7  00309A
__pstringtext8                         stringtext8  003800
__pstringtext9                         stringtext9  003804
__pswtext1                             swtext1      002800
__ptext1                               text1        00100F
__ptext10                              text10       001001
__ptext11                              text11       001202
__ptext12                              text12       002AC7
__ptext13                              text13       002BAD
__ptext14                              text14       0021EA
__ptext15                              text15       002361
[...]
Total ram usage:        4 bytes
 Hardware stack levels used:    1
 Hardware stack levels required when called:    2
 This function calls:
		Nothing
 This function is called by:
		_LTC6804_rdcv
		_LTC6804_rdcv_reg
		_LTC6804_wrcfg
		_LTC6804_rdstat_reg
		_LTC6804_rdaux
		_LTC6804_rdaux_reg
		_LTC6804_rdcfg
 This function uses a non-reentrant model


 *************** function _avgBuff *****************
 Defined at:
		line 68 in file "adc.c"
 Parameters:    Size  Location     Type
  buff            1    wreg     PTR float 
		 -> main@currentBuff(80), 
  size            2   33[BANK1 ] int 
 Auto vars:     Size  Location     Type
  buff            1   39[BANK1 ] PTR float 
		 -> main@currentBuff(80), 
  total           4   40[BANK1 ] float 
  inc             2   44[BANK1 ] int 
 Return value:  Size  Location     Type
                  4   33[BANK1 ] float 
 Registers used:
		wreg, fsr1l, fsr1h, status,2, status,0, pclath, cstack
 Tracked objects:
		On entry : 
		On exit  : 
		Unchanged: 
 Data sizes:     COMMON   BANK0   BANK1   BANK2   BANK3   BANK4   BANK5   BANK6   BANK7   BANK8   BANK9  BANK10  BANK11  BANK12  BANK13  BANK14  BANK15  BANK16  BANK17  BANK18  BANK19  BANK20  BANK21  BANK22  BANK23  BANK24  BANK25
      Params:         0       0       4       0       0       0       0       0       0       0       0       0       0       0       0       0       0       0       0       0       0       0       0       0       0       0       0
      Locals:         0       0       7       0       0       0       0       0       0       0       0       0       0       0       0       0       0       0       0       0       0       0       0       0       0       0       0
      Temps:          0       0       2       0       0       0       0       0       0       0       0       0       0       0       0       0       0       0       0       0       0       0       0       0       0       0       0
      Totals:         0       0      13       0       0       0       0       0       0       0       0       0       0       0       0       0       0       0       0       0       0       0       0       0       0       0       0
Total ram usage:       13 bytes
 Hardware stack levels used:    1
 Hardware stack levels required when called:    3
 This function calls:
		___fladd
		___fldiv
		___xxtofl
 This function is called by:
		_main
 This function uses a non-reentrant model


 *************** function ___xxtofl *****************
 Defined at:
		line 10 in file "C:\Program Files (x86)\Microchip\xc8\v1.45\sources\common\xxtofl.c"
 Parameters:    Size  Location     Type
  sign            1    wreg     unsigned char 
  val             4   14[BANK0 ] long 
 Auto vars:     Size  Location     Type
  sign            1   18[BANK0 ] unsigned char 
  arg             4   20[BANK0 ] unsigned long 
  exp             1   19[BANK0 ] unsigned char 
 Return value:  Size  Location     Type
                  4   14[BANK0 ] unsigned char 
 Registers used:
		wreg, status,2, status,0
 Tracked objects:
		On entry : 
		On exit  : 
		Unchanged: 
 Data sizes:     COMMON   BANK0   BANK1   BANK2   BANK3   BANK4   BANK5   BANK6   BANK7   BANK8   BANK9  BANK10  BANK11  BANK12  BANK13  BANK14  BANK15  BANK16  BANK17  BANK18  BANK19  BANK20  BANK21  BANK22  BANK23  BANK24  BANK25
      Params:         0       4       0       0       0       0       0       0       0       0       0       0       0       0       0       0       0       0       0       0       0       0       0       0       0       0       0
      Locals:         0       6       0       0       0       0       0       0       0       0       0       0       0       0       0       0       0       0       0       0       0       0       0       0       0       0       0
      Temps:          4       0       0       0       0       0       0       0       0       0       0       0       0       0       0       0       0       0       0       0       0       0       0       0       0       0       0
      Totals:         4      10       0       0       0       0       0       0       0       0       0       0       0       0       0       0       0       0       0       0       0       0       0       0       0       0       0
Total ram usage:       14 bytes
 Hardware stack levels used:    1
 Hardware stack levels required when called:    2
 This function calls:
		Nothing
 This function is called by:
		_main
		_calculateTemp
		_getCurrent
		_avgBuff
		_measureVoltages
		_sprintf
 This function uses a non-reentrant model


 *************** function ___fldiv *****************
 Defined at:
		line 8 in file "C:\Program Files (x86)\Microchip\xc8\v1.45\sources\common\sprcdiv.c"
 Parameters:    Size  Location     Type
  a               4   50[BANK0 ] unsigned char 
  b               4   54[BANK0 ] unsigned char 
 Auto vars:     Size  Location     Type
  grs             4   70[BANK0 ] unsigned long 
  rem             4   64[BANK0 ] unsigned long 
  new_exp         2   68[BANK0 ] int 
  aexp            1   75[BANK0 ] unsigned char 
  bexp            1   74[BANK0 ] unsigned char 
  sign            1   63[BANK0 ] unsigned char 
 Return value:  Size  Location     Type
                  4   50[BANK0 ] unsigned char 
 Registers used:
		wreg, status,2, status,0
 Tracked objects:
		On entry : 
		On exit  : 
		Unchanged: 
 Data sizes:     COMMON   BANK0   BANK1   BANK2   BANK3   BANK4   BANK5   BANK6   BANK7   BANK8   BANK9  BANK10  BANK11  BANK12  BANK13  BANK14  BANK15  BANK16  BANK17  BANK18  BANK19  BANK20  BANK21  BANK22  BANK23  BANK24  BANK25
      Params:         0       8       0       0       0       0       0       0       0       0       0       0       0       0       0       0       0       0       0       0       0       0       0       0       0       0       0
      Locals:         0      13       0       0       0       0       0       0       0       0       0       0       0       0       0       0       0       0       0       0       0       0       0       0       0       0       0
      Temps:          0       5       0       0       0       0       0       0       0       0       0       0       0       0       0       0       0       0       0       0       0       0       0       0       0       0       0
      Totals:         0      26       0       0       0       0       0       0       0       0       0       0       0       0       0       0       0       0       0       0       0       0       0       0       0       0       0
Total ram usage:       26 bytes
 Hardware stack levels used:    1
 Hardware stack levels required when called:    2
 This function calls:
		Nothing
 This function is called by:
		_main
		_startUp
		_calculateTemp
		_calculateCurrent
		_avgBuff
		_measureVoltages
 This function uses a non-reentrant model


 *************** function ___fladd *****************
 Defined at:
		line 10 in file "C:\Program Files (x86)\Microchip\xc8\v1.45\sources\common\sprcadd.c"
 Parameters:    Size  Location     Type
  b               4    9[BANK1 ] unsigned char 
  a               4   13[BANK1 ] unsigned char 
 Auto vars:     Size  Location     Type
  grs             1   32[BANK1 ] unsigned char 
  bexp            1   31[BANK1 ] unsigned char 
  aexp            1   30[BANK1 ] unsigned char 
  signs           1   29[BANK1 ] unsigned char 
 Return value:  Size  Location     Type
                  4    9[BANK1 ] unsigned char 
 Registers used:
		wreg, status,2, status,0
 Tracked objects:
		On entry : 
		On exit  : 
		Unchanged: 
 Data sizes:     COMMON   BANK0   BANK1   BANK2   BANK3   BANK4   BANK5   BANK6   BANK7   BANK8   BANK9  BANK10  BANK11  BANK12  BANK13  BANK14  BANK15  BANK16  BANK17  BANK18  BANK19  BANK20  BANK21  BANK22  BANK23  BANK24  BANK25
      Params:         0       0       8       0       0       0       0       0       0       0       0       0       0       0       0       0       0       0       0       0       0       0       0       0       0       0       0
      Locals:         0       0       4       0       0       0       0       0       0       0       0       0       0       0       0       0       0       0       0       0       0       0       0       0       0       0       0
      Temps:          0       0      12       0       0       0       0       0       0       0       0       0       0       0       0       0       0       0       0       0       0       0       0       0       0       0       0
      Totals:         0       0      24       0       0       0       0       0       0       0       0       0       0       0       0       0       0       0       0       0       0       0       0       0       0       0       0
Total ram usage:       24 bytes
 Hardware stack levels used:    1
 Hardware stack levels required when called:    2
 This function calls:
		Nothing
 This function is called by:
		_main
		_startUp
		_calculateCurrent
		_avgBuff
		_writeVoltages
		_sumVoltages
		_cellBalancing
		_sprintf
		___flsub
 This function uses a non-reentrant model


 *************** function _ISR *****************
 Defined at:
		line 183 in file "main.c"
 Parameters:    Size  Location     Type
		None
 Auto vars:     Size  Location     Type
		None
 Return value:  Size  Location     Type
                  1    wreg      void 
 Registers used:
		wreg, fsr1l, fsr1h, status,2, status,0, pclath, cstack
 Tracked objects:
		On entry : 
		On exit  : 
		Unchanged: 
 Data sizes:     COMMON   BANK0   BANK1   BANK2   BANK3   BANK4   BANK5   BANK6   BANK7   BANK8   BANK9  BANK10  BANK11  BANK12  BANK13  BANK14  BANK15  BANK16  BANK17  BANK18  BANK19  BANK20  BANK21  BANK22  BANK23  BANK24  BANK25
      Params:         0       0       0       0       0       0       0       0       0       0       0       0       0       0       0       0       0       0       0       0       0       0       0       0       0       0       0
      Locals:         0       0       0       0       0       0       0       0       0       0       0       0       0       0       0       0       0       0       0       0       0       0       0       0       0       0       0
      Temps:          2       0       0       0       0       0       0       0       0       0       0       0       0       0       0       0       0       0       0       0       0       0       0       0       0       0       0
      Totals:         2       0       0       0       0       0       0       0       0       0       0       0       0       0       0       0       0       0       0       0       0       0       0       0       0       0       0
Total ram usage:        2 bytes
 Hardware stack levels used:    1
 Hardware stack levels required when called:    1
 This function calls:
		_uartDisable
 This function is called by:
		Interrupt level 1
 This function uses a non-reentrant model


 *************** function _uartDisable *****************
 Defined at:
		line 86 in file "uart.c"
 Parameters:    Size  Location     Type
		None
 Auto vars:     Size  Location     Type
		None
 Return value:  Size  Location     Type
                  1    wreg      void 
 Registers used:
		None
 Tracked objects:
		On entry : 
		On exit  : 
		Unchanged: 
 Data sizes:     COMMON   BANK0   BANK1   BANK2   BANK3   BANK4   BANK5   BANK6   BANK7   BANK8   BANK9  BANK10  BANK11  BANK12  BANK13  BANK14  BANK15  BANK16  BANK17  BANK18  BANK19  BANK20  BANK21  BANK22  BANK23  BANK24  BANK25
      Params:         0       0       0       0       0       0       0       0       0       0       0       0       0       0       0       0       0       0       0       0       0       0       0       0       0       0       0
      Locals:         0       0       0       0       0       0       0       0       0       0       0       0       0       0       0       0       0       0       0       0       0       0       0       0       0       0       0
      Temps:          0       0       0       0       0       0       0       0       0       0       0       0       0       0       0       0       0       0       0       0       0       0       0       0       0       0       0
      Totals:         0       0       0       0       0       0       0       0       0       0       0       0       0       0       0       0       0       0       0       0       0       0       0       0       0       0       0
Total ram usage:        0 bytes
 Hardware stack levels used:    1
 This function calls:
		Nothing
 This function is called by:
		_ISR
 This function uses a non-reentrant model



MODULE INFORMATION

Module		Function		Class		Link	Load	Size
C:\Program Files (x86)\Microchip\xc8\v1.45\sources\common\sprcdiv.c
		___fldiv       		CODE           	1073	0000	400

C:\Program Files (x86)\Microchip\xc8\v1.45\sources\common\sprcdiv.c estimated size: 400

C:\Program Files (x86)\Microchip\xc8\v1.45\sources\common\Umul8_16.c
		__Umul8_16     		CODE           	2923	0000	33

C:\Program Files (x86)\Microchip\xc8\v1.45\sources\common\Umul8_16.c estimated size: 33

C:\Program Files (x86)\Microchip\xc8\v1.45\sources\common\flge.c
		___flge        		CODE           	20B2	0000	155

C:\Program Files (x86)\Microchip\xc8\v1.45\sources\common\flge.c estimated size: 155

C:\Program Files (x86)\Microchip\xc8\v1.45\sources\common\doprnt.c
		_scale         		CODE           	0D70	0000	657
		_sprintf       		CODE           	00B3	0000	2078
		_fround        		CODE           	1202	0000	471

C:\Program Files (x86)\Microchip\xc8\v1.45\sources\common\doprnt.c estimated size: 3206

uart.c
		_writeTemps    		CODE           	0A9A	0000	76
		_uartSetup     		CODE           	2864	0000	14
		_uartDisable   		CODE           	37F5	0000	4
		_writeCurrent  		CODE           	2001	0000	25
		_writeValuesToUart		CODE           	100F	0000	101
		_clearScreen   		CODE           	29C8	0000	60
		_writeSOC      		CODE           	2A84	0000	68
		_uartEnable    		CODE           	37F8	0000	4
		_writeVoltages 		CODE           	268E	0000	371

uart.c estimated size: 723

C:\Program Files (x86)\Microchip\xc8\v1.45\sources\common\Umul16.c
		___wmul        		CODE           	28CB	0000	28

C:\Program Files (x86)\Microchip\xc8\v1.45\sources\common\Umul16.c estimated size: 28

timer.c
		_timer0Setup   		CODE           	37FB	0000	6
		_timerSetup    		CODE           	281A	0000	7
		_timer2Setup   		CODE           	284D	0000	12

timer.c estimated size: 25

i2c.c
		_i2cSetup      		CODE           	2893	0000	18

i2c.c estimated size: 18

C:\Program Files (x86)\Microchip\xc8\v1.45\sources\common\isdigit.c
		_isdigit       		CODE           	1001	0000	15

C:\Program Files (x86)\Microchip\xc8\v1.45\sources\common\isdigit.c estimated size: 15

C:\Program Files (x86)\Microchip\xc8\v1.45\sources\common\sprcadd.c
		___flsub       		CODE           	2904	0000	32
		___fladd       		CODE           	13D8	0000	509

C:\Program Files (x86)\Microchip\xc8\v1.45\sources\common\sprcadd.c estimated size: 541

ltc6804.c
		_setDischarge  		CODE           	1C0A	0000	222
		_LTC6804_adcv  		CODE           	2998	0000	49
		_LTC6804_rdcv  		CODE           	1CE7	0000	396
		_LTC6804_rdcv_reg		CODE           	2CA6	0000	86
		_LTC6804_wrcfg 		CODE           	214C	0000	159
		_cellBalancing 		CODE           	22A0	0000	194
		_spi_write_read		CODE           	2969	0000	48
		_LTC6804_initialize		CODE           	2882	0000	18
		_wakeup_idle   		CODE           	2839	0000	10
		_set_adc       		CODE           	2CFB	0000	96
		_pec15_calc    		CODE           	2B0C	0000	80
		_measureVoltages		CODE           	2426	0000	305
		_spi_write_array		CODE           	28B6	0000	22
		_sumVoltages   		CODE           	2B5B	0000	83

ltc6804.c estimated size: 1768

C:\Program Files (x86)\Microchip\xc8\v1.45\sources\common\ftdivl.c
		__tdiv_to_l_   		CODE           	21EA	0000	183

C:\Program Files (x86)\Microchip\xc8\v1.45\sources\common\ftdivl.c estimated size: 183

C:\Program Files (x86)\Microchip\xc8\v1.45\sources\common\awmod.c
		___awmod       		CODE           	2AC7	0000	70

C:\Program Files (x86)\Microchip\xc8\v1.45\sources\common\awmod.c estimated size: 70

C:\Program Files (x86)\Microchip\xc8\v1.45\sources\common\llmod.c
		___llmod       		CODE           	2A41	0000	68

C:\Program Files (x86)\Microchip\xc8\v1.45\sources\common\llmod.c estimated size: 68

adc.c
		_adcRead       		CODE           	2C52	0000	85
		_avgBuff       		CODE           	2E5A	0000	136
		_adcSetup      		CODE           	28E6	0000	31
		_getTemps      		CODE           	2D5A	0000	128
		_calculateTemp 		CODE           	2DD9	0000	130
		_calculateCurrent		CODE           	2EE1	0000	138
		_getCurrent    		CODE           	2A03	0000	63

adc.c estimated size: 711

C:\Program Files (x86)\Microchip\xc8\v1.45\sources\common\fldivl.c
		__div_to_l_    		CODE           	2361	0000	198

C:\Program Files (x86)\Microchip\xc8\v1.45\sources\common\fldivl.c estimated size: 198

C:\Program Files (x86)\Microchip\xc8\v1.45\sources\common\fltol.c
		___fltol       		CODE           	2019	0000	154

C:\Program Files (x86)\Microchip\xc8\v1.45\sources\common\fltol.c estimated size: 154

spi.c
		_spiSetup      		CODE           	28A4	0000	19
		_spi_write     		CODE           	2842	0000	12
		_spi_read      		CODE           	2858	0000	13

spi.c estimated size: 44

shared
		_OledFont      		STRCODE        	0000	0000	0
		LTC6804_rdstat_reg@REG_LEN		STRCODE        	30C2	0000	2
		_temperatures  		STRCODE        	3068	0000	51
		__powers_      		STRCODE        	3000	0000	53
		LTC6804_rdcfg@BYTES_IN_REG		STRCODE        	3808	0000	2
		LTC6804_wrcfg@BYTES_IN_REG		STRCODE        	3809	0000	2
		_dpowers       		STRCODE        	309A	0000	41
		_Beta          		STRCODE        	0000	0000	0
		LTC6804_rdaux@NUM_RX_BYT		STRCODE        	380D	0000	2
		_t0            		STRCODE        	0000	0000	0
		__npowers_     		STRCODE        	3034	0000	53
		__initialization		CODE           	0078	0000	56
		LTC6804_rdaux@GPIO_IN_REG		STRCODE        	380B	0000	2
		LTC6804_rdaux_reg@REG_LEN		STRCODE        	380A	0000	2
		LTC6804_rdcv@CELL_IN_REG		STRCODE        	380F	0000	2
		main@total_capacity		STRCODE        	3804	0000	3
		LTC6804_rdcv@NUM_RX_BYT		STRCODE        	3811	0000	2
		LTC6804_rdaux@BYT_IN_REG		STRCODE        	380C	0000	2
		LTC6804_rdcv@BYT_IN_REG		STRCODE        	3810	0000	2
		_crc15Table    		STRCODE        	0000	0000	0
		LTC6804_rdcv_reg@REG_LEN		STRCODE        	380E	0000	2
		ltc6804@crc15Table		STRCODE        	1800	0000	513

shared estimated size: 792

C:\Program Files (x86)\Microchip\xc8\v1.45\sources\common\awdiv.c
		___awdiv       		CODE           	2BAD	0000	83

C:\Program Files (x86)\Microchip\xc8\v1.45\sources\common\awdiv.c estimated size: 83

C:\Program Files (x86)\Microchip\xc8\v1.45\sources\common\lldiv.c
		___lldiv       		CODE           	2BFF	0000	84

C:\Program Files (x86)\Microchip\xc8\v1.45\sources\common\lldiv.c estimated size: 84

C:\Program Files (x86)\Microchip\xc8\v1.45\sources\common\xxtofl.c
		___xxtofl      		CODE           	2F6A	0000	151

C:\Program Files (x86)\Microchip\xc8\v1.45\sources\common\xxtofl.c estimated size: 151

C:\Program Files (x86)\Microchip\xc8\v1.45\sources\common\Umul8.c
		___bmul        		CODE           	2871	0000	18

C:\Program Files (x86)\Microchip\xc8\v1.45\sources\common\Umul8.c estimated size: 18

C:\Program Files (x86)\Microchip\xc8\v1.45\sources\common\flneg.c
		___flneg       		CODE           	1C00	0000	11

C:\Program Files (x86)\Microchip\xc8\v1.45\sources\common\flneg.c estimated size: 11

main.c
		_startUp       		CODE           	1E72	0000	399
		_ISR           		CODE           	0004	0000	115
		_main          		CODE           	0AE5	0000	652
		_setup         		CODE           	2943	0000	39

main.c estimated size: 1205

C:\Program Files (x86)\Microchip\xc8\v1.45\sources\common\sprcmul.c
		___flmul       		CODE           	15D4	0000	557

C:\Program Files (x86)\Microchip\xc8\v1.45\sources\common\sprcmul.c estimated size: 557

