Microchip MPLAB XC8 Compiler V1.45 ()

Linker command line:

-W-3 --edf=C:\Program Files (x86)\Microchip\xc8\v1.45\dat\en_msgs.txt -cs \
  -h+dist/default/production\SDP-BMS-Firmware.production.sym \
  --cmf=dist/default/production\SDP-BMS-Firmware.production.cmf -z \
  -Q16F1789 -oC:\Users\TRM84~1.UAN\AppData\Local\Temp\sijo.2 \
  -Mdist/default/production/SDP-BMS-Firmware.production.map -E1 -ver=XC8 \
  --acfsm=1493 -ASTACK=02230h-027efh -pstack=STACK -ACODE=00h-07FFhx8 \
  -ASTRCODE=00h-03FFFh -ASTRING=00h-0FFhx64 -ACONST=00h-0FFhx64 \
  -AENTRY=00h-0FFhx64 -ACOMMON=070h-07Fh -ABANK0=020h-06Fh \
  -ABANK1=0A0h-0EFh -ABANK2=0120h-016Fh -ABANK3=01A0h-01EFh \
  -ABANK4=0220h-026Fh -ABANK5=02A0h-02EFh -ABANK6=0320h-036Fh \
  -ABANK7=03A0h-03EFh -ABANK8=0420h-046Fh -ABANK9=04A0h-04EFh \
  -ABANK10=0520h-056Fh -ABANK11=05A0h-05EFh -ABANK12=0620h-066Fh \
  -ABANK13=06A0h-06EFh -ABANK14=0720h-076Fh -ABANK15=07A0h-07EFh \
  -ABANK16=0820h-086Fh -ABANK17=08A0h-08EFh -ABANK18=0920h-096Fh \
  -ABANK19=09A0h-09EFh -ABANK20=0A20h-0A6Fh -ABANK21=0AA0h-0AEFh \
  -ABANK22=0B20h-0B6Fh -ABANK23=0BA0h-0BEFh -ABANK24=0C20h-0C6Fh \
  -ABANK25=0CA0h-0CBFh -ABIGRAM=02000h-027EFh \
  -ARAM=020h-06Fh,0A0h-0EFh,0120h-016Fh,01A0h-01EFh,0220h-026Fh,02A0h-02EFh,0320h-036Fh,03A0h-03EFh,0420h-046Fh,04A0h-04EFh,0520h-056Fh,05A0h-05EFh,0620h-066Fh,06A0h-06EFh,0720h-076Fh,07A0h-07EFh,0820h-086Fh,08A0h-08EFh,0920h-096Fh,09A0h-09EFh,0A20h-0A6Fh,0AA0h-0AEFh,0B20h-0B6Fh,0BA0h-0BEFh,0C20h-0C6Fh,0CA0h-0CBFh \
  -AABS1=020h-07Fh,0A0h-0EFh,0120h-016Fh,01A0h-01EFh,0220h-026Fh,02A0h-02EFh,0320h-036Fh,03A0h-03EFh,0420h-046Fh,04A0h-04EFh,0520h-056Fh,05A0h-05EFh,0620h-066Fh,06A0h-06EFh,0720h-076Fh,07A0h-07EFh,0820h-086Fh,08A0h-08EFh,0920h-096Fh,09A0h-09EFh,0A20h-0A6Fh,0AA0h-0AEFh,0B20h-0B6Fh,0BA0h-0BEFh,0C20h-0C6Fh,0CA0h-0CBFh \
  -ASFR0=00h-01Fh -ASFR1=080h-09Fh -ASFR2=0100h-011Fh -ASFR3=0180h-019Fh \
  -ASFR4=0200h-021Fh -ASFR5=0280h-029Fh -ASFR6=0300h-031Fh \
  -ASFR7=0380h-039Fh -ASFR8=0400h-041Fh -ASFR9=0480h-049Fh \
  -ASFR10=0500h-051Fh -ASFR11=0580h-059Fh -ASFR12=0600h-061Fh \
  -ASFR13=0680h-069Fh -ASFR14=0700h-071Fh -ASFR15=0780h-079Fh \
  -ASFR16=0800h-081Fh -ASFR17=0880h-089Fh -ASFR18=0900h-091Fh \
  -ASFR19=0980h-099Fh -ASFR20=0A00h-0A1Fh -ASFR21=0A80h-0A9Fh \
  -ASFR22=0B00h-0B1Fh -ASFR23=0B80h-0B9Fh -ASFR24=0C00h-0C1Fh \
  -ASFR25=0C80h-0C9Fh -ASFR26=0D00h-0D6Fh -ASFR27=0D80h-0DEFh \
  -ASFR28=0E00h-0E6Fh -ASFR29=0E80h-0EEFh -ASFR30=0F00h-0F6Fh \
  -ASFR31=0F80h-0FEFh -preset_vec=00h,intentry=04h,init,end_init \
  -ppowerup=CODE -pcinit=CODE -pfunctab=ENTRY -ACONFIG=08007h-08008h \
  -pconfig=CONFIG -DCONFIG=2 -AIDLOC=08000h-08003h -pidloc=IDLOC -DIDLOC=2 \
  -AEEDATA=00h-0FFh/0F000h -peeprom_data=EEDATA -DEEDATA=2 -DCODE=2 \
  -DSTRCODE=2 -DSTRING=2 -DCONST=2 -DENTRY=2 -k \
  C:\Users\TRM84~1.UAN\AppData\Local\Temp\sijo.obj \
  dist/default/production\SDP-BMS-Firmware.production.obj 

Object code version is 3.11

Machine type is 16F1789



                Name                               Link     Load   Length Selector   Space Scale
C:\Users\TRM84~1.UAN\AppData\Local\Temp\sijo.obj
                end_init                             75       75        2        8       0
                reset_vec                             0        0        2        0       0
                config                             8007     8007        2    1000E       0
dist/default/production\SDP-BMS-Firmware.production.obj
                cinit                                77       77       34        8       0
                intentry                              4        4       71        8       0
                text59                             2B1C     2B1C        3     5638       0
                text57                              5FC      5FC      1FC        8       0
                text56                             1468     1468      18F     28D0       0
                text55                             235C     235C       96     46B8       0
                text54                             21C5     21C5       87     438A       0
                text53                             1C01     1C01       1B     3802       0
                text52                             2E66     2E66       4F     5CCC       0
                text51                             2B3A     2B3A        B     5674       0
                text50                             2BCF     2BCF       15     579E       0
                text49                             2B28     2B28        9     5650       0
                text48                             23F2     23F2       B1     47E4       0
                text47                              805      805       9A     100A       0
                swtext1                            2000     2000       18     4000       0
                text46                             261E     261E       DD     4C3C       0
                text45                             1C1C     1C1C       E0     3838       0
                text44                             2FAC     2FAC       54     5F58       0
                text43                             2C21     2C21       20     5842       0
                text42                              3D0      3D0      22C        8       0
                text41                             22D3     22D3       89     45A6       0
                text40                             2D5D     2D5D       3E     5ABA       0
                text39                             20C7     20C7       7F     418E       0
                text38                             224C     224C       87     4498       0
                text37                             2146     2146       7F     428C       0
                text36                             2C87     2C87       31     590E       0
                text35                             2B77     2B77       11     56EE       0
                text34                             2B50     2B50        C     56A0       0
                text33                             2CEB     2CEB       36     59D6       0
                text32                             2018     2018       55     4030       0
                text31                             1E75     1E75      18B     3CEA       0
                text30                             26FB     26FB      105     4DF6       0
                text29                             2D9B     2D9B       43     5B36       0
                text28                             2B88     2B88       11     5710       0
                text27                             2BE4     2BE4       1E     57C8       0
                text26                             2B99     2B99       11     5732       0
                text25                             2BAA     2BAA       12     5754       0
                text24                              800      800        5     1000       0
                text23                             2B45     2B45        B     568A       0
                text22                             2B22     2B22        6     5644       0
                text21                             2B5C     2B5C        D     56B8       0
                text20                             2C61     2C61       26     58C2       0
                text19                             2EB5     2EB5       52     5D6A       0
                text18                             2B31     2B31        9     5662       0
                text17                             2C02     2C02       1F     5804       0
                text16                             2F59     2F59       53     5EB2       0
                text15                             2DDE     2DDE       43     5BBC       0
                text14                             2559     2559       C5     4AB2       0
                text13                             24A3     24A3       B6     4946       0
                text12                             2F07     2F07       52     5E0E       0
                text11                             2E21     2E21       45     5C42       0
                text10                             15F7     15F7      209     2BEE       0
                text9                              2B69     2B69        E     56D2       0
                text8                                AB       AB      325        8       0
                text7                               89F      89F      761     113E       0
                text6                              2B1F     2B1F        3     563E       0
                text5                              2D21     2D21       3C     5A42       0
                text4                              2C41     2C41       20     5882       0
                text3                              206D     206D       5A     40DA       0
                text2                              1307     1307      161     260E       0
                text1                              2CB8     2CB8       33     5970       0
                maintext                           1CFC     1CFC      179     39F8       0
                cstackBANK0                          20       20       50       20       1
                cstackCOMMON                         70       70        A       70       1
                cstackBANK1                          A0       A0       50       A0       1
                cstackBANK2                         120      120       4B      120       1
                cstackBANK3                         1E0      1E0        4      1A0       1
                clrtext                            1301     1301        6     2602       0
                inittext                            7F8      7F8        6        8       0
                bssBANK6                            320      320       50      320       1
                bssBANK5                            2A0      2A0       32      2A0       1
                bssBANK4                            220      220       48      220       1
                dataBANK3                           1CD      1CD       13      1A0       1
                bssBANK3                            1A0      1A0       2D      1A0       1
                bssBANK2                            16B      16B        2      120       1
                bssCOMMON                            7A       7A        2       70       1
                stringtext27                       3150     3150        9     6000       0
                stringtext26                       3145     3145        B     6000       0
                stringtext25                       3136     3136        F     6000       0
                stringtext24                       3127     3127        F     6000       0
                stringtext23                       3114     3114       13     6000       0
                stringtext22                       3100     3100       14     6000       0
                stringtext21                       30E9     30E9       17     6000       0
                stringtext20                       30C2     30C2       27     6000       0
                stringtext19                       3169     3169        1     6000       0
                stringtext18                       3168     3168        1     6000       0
                stringtext17                       3167     3167        1     6000       0
                stringtext16                       3166     3166        1     6000       0
                stringtext15                       3165     3165        1     6000       0
                stringtext14                       3164     3164        1     6000       0
                stringtext13                       3163     3163        1     6000       0
                stringtext12                       3162     3162        1     6000       0
                stringtext11                       3161     3161        1     6000       0
                stringtext10                       315F     315F        2     6000       0
                stringtext9                        315D     315D        2     6000       0
                stringtext8                        3159     3159        4     6000       0
                stringtext7                        309A     309A       28     6000       0
                stringtext6                        3068     3068       32     6000       0
                stringtext5                        3034     3034       34     6000       0
                stringtext4                        3000     3000       34     6000       0
                stringtext3                        1A00     1A00      200     3000       0
                stringtext2                        1800     1800      200     3000       0
                stringtext1                        1000     1000      300     2000       0
                idataBANK3                         2BBC     2BBC       13     5778       0

TOTAL           Name                               Link     Load   Length     Space
        CLASS   STACK          

        CLASS   CODE           
                end_init                             75       75        2         0
                cinit                                77       77       34         0
                intentry                              4        4       71         0
                reset_vec                             0        0        2         0
                text59                             2B1C     2B1C        3         0
                text57                              5FC      5FC      1FC         0
                text56                             1468     1468      18F         0
                text55                             235C     235C       96         0
                text54                             21C5     21C5       87         0
                text53                             1C01     1C01       1B         0
                text52                             2E66     2E66       4F         0
                text51                             2B3A     2B3A        B         0
                text50                             2BCF     2BCF       15         0
                text49                             2B28     2B28        9         0
                text48                             23F2     23F2       B1         0
                text47                              805      805       9A         0
                text46                             261E     261E       DD         0
                text45                             1C1C     1C1C       E0         0
                text44                             2FAC     2FAC       54         0
                text43                             2C21     2C21       20         0
                text42                              3D0      3D0      22C         0
                text41                             22D3     22D3       89         0
                text40                             2D5D     2D5D       3E         0
                text39                             20C7     20C7       7F         0
                text38                             224C     224C       87         0
                text37                             2146     2146       7F         0
                text36                             2C87     2C87       31         0
                text35                             2B77     2B77       11         0
                text34                             2B50     2B50        C         0
                text33                             2CEB     2CEB       36         0
                text32                             2018     2018       55         0
                text31                             1E75     1E75      18B         0
                text30                             26FB     26FB      105         0
                text29                             2D9B     2D9B       43         0
                text28                             2B88     2B88       11         0
                text27                             2BE4     2BE4       1E         0
                text26                             2B99     2B99       11         0
                text25                             2BAA     2BAA       12         0
                text24                              800      800        5         0
                text23                             2B45     2B45        B         0
                text22                             2B22     2B22        6         0
                text21                             2B5C     2B5C        D         0
                text20                             2C61     2C61       26         0
                text19                             2EB5     2EB5       52         0
                text18                             2B31     2B31        9         0
                text17                             2C02     2C02       1F         0
                text16                             2F59     2F59       53         0
                text15                             2DDE     2DDE       43         0
                text14                             2559     2559       C5         0
                text13                             24A3     24A3       B6         0
                text12                             2F07     2F07       52         0
                text11                             2E21     2E21       45         0
                text10                             15F7     15F7      209         0
                text9                              2B69     2B69        E         0
                text8                                AB       AB      325         0
                text7                               89F      89F      761         0
                text6                              2B1F     2B1F        3         0
                text5                              2D21     2D21       3C         0
                text4                              2C41     2C41       20         0
                text3                              206D     206D       5A         0
                text2                              1307     1307      161         0
                text1                              2CB8     2CB8       33         0
                maintext                           1CFC     1CFC      179         0
                clrtext                            1301     1301        6         0
                inittext                            7F8      7F8        6         0
                idataBANK3                         2BBC     2BBC       13         0

        CLASS   STRCODE        
                stringtext27                       3150     3150        9         0
                stringtext26                       3145     3145        B         0
                stringtext25                       3136     3136        F         0
                stringtext24                       3127     3127        F         0
                stringtext23                       3114     3114       13         0
                stringtext22                       3100     3100       14         0
                stringtext21                       30E9     30E9       17         0
                stringtext20                       30C2     30C2       27         0
                stringtext19                       3169     3169        1         0
                stringtext18                       3168     3168        1         0
                stringtext17                       3167     3167        1         0
                stringtext16                       3166     3166        1         0
                stringtext15                       3165     3165        1         0
                stringtext14                       3164     3164        1         0
                stringtext13                       3163     3163        1         0
                stringtext12                       3162     3162        1         0
                stringtext11                       3161     3161        1         0
                stringtext10                       315F     315F        2         0
                stringtext9                        315D     315D        2         0
                stringtext8                        3159     3159        4         0
                stringtext7                        309A     309A       28         0
                stringtext6                        3068     3068       32         0
                stringtext5                        3034     3034       34         0
                stringtext4                        3000     3000       34         0
                stringtext3                        1A00     1A00      200         0
                stringtext2                        1800     1800      200         0
                stringtext1                        1000     1000      300         0

        CLASS   STRING         

        CLASS   CONST          
                swtext1                            2000     2000       18         0

        CLASS   ENTRY          

        CLASS   COMMON         
                cstackCOMMON                         70       70        A         1
                bssCOMMON                            7A       7A        2         1

        CLASS   BANK0          
                cstackBANK0                          20       20       50         1

        CLASS   BANK1          
                cstackBANK1                          A0       A0       50         1

        CLASS   BANK2          
                cstackBANK2                         120      120       4B         1
                bssBANK2                            16B      16B        2         1

        CLASS   BANK3          
                cstackBANK3                         1E0      1E0        4         1
                dataBANK3                           1CD      1CD       13         1
                bssBANK3                            1A0      1A0       2D         1

        CLASS   BANK4          
                bssBANK4                            220      220       48         1

        CLASS   BANK5          
                bssBANK5                            2A0      2A0       32         1

        CLASS   BANK6          
                bssBANK6                            320      320       50         1

        CLASS   BANK7          

        CLASS   BANK8          

        CLASS   BANK9          

        CLASS   BANK10         

        CLASS   BANK11         

        CLASS   BANK12         

        CLASS   BANK13         

        CLASS   BANK14         

        CLASS   BANK15         

        CLASS   BANK16         

        CLASS   BANK17         

        CLASS   BANK18         

        CLASS   BANK19         

        CLASS   BANK20         

        CLASS   BANK21         

        CLASS   BANK22         

        CLASS   BANK23         

        CLASS   BANK24         

        CLASS   BANK25         

        CLASS   BIGRAM         

        CLASS   RAM            

        CLASS   ABS1           
                abs_s1                               7E       7E        2         1

        CLASS   SFR0           

        CLASS   SFR1           

        CLASS   SFR2           

        CLASS   SFR3           

        CLASS   SFR4           

        CLASS   SFR5           

        CLASS   SFR6           

        CLASS   SFR7           

        CLASS   SFR8           

        CLASS   SFR9           

        CLASS   SFR10          

        CLASS   SFR11          

        CLASS   SFR12          

        CLASS   SFR13          

        CLASS   SFR14          

        CLASS   SFR15          

        CLASS   SFR16          

        CLASS   SFR17          

        CLASS   SFR18          

        CLASS   SFR19          

        CLASS   SFR20          

        CLASS   SFR21          

        CLASS   SFR22          

        CLASS   SFR23          

        CLASS   SFR24          

        CLASS   SFR25          

        CLASS   SFR26          

        CLASS   SFR27          

        CLASS   SFR28          

        CLASS   SFR29          

        CLASS   SFR30          

        CLASS   SFR31          

        CLASS   CONFIG         
                config                             8007     8007        2         0

        CLASS   IDLOC          

        CLASS   EEDATA         

        CLASS   BANK31         

        CLASS   BANK30         

        CLASS   BANK29         

        CLASS   BANK28         

        CLASS   BANK27         

        CLASS   BANK26         



SEGMENTS        Name                           Load    Length   Top    Selector   Space  Class     Delta

                reset_vec                      000000  000002  000002         0       0  CODE        2
                intentry                       000004  0007FA  0007FE         8       0  CODE        2
                cstackBANK0                    000020  000050  000070        20       1  BANK0       1
                cstackCOMMON                   000070  00000C  00007C        70       1  COMMON      1
                cstackBANK1                    0000A0  000050  0000F0        A0       1  BANK1       1
                cstackBANK2                    000120  00004D  00016D       120       1  BANK2       1
                bssBANK3                       0001A0  000044  0001E4       1A0       1  BANK3       1
                bssBANK4                       000220  000048  000268       220       1  BANK4       1
                bssBANK5                       0002A0  000032  0002D2       2A0       1  BANK5       1
                bssBANK6                       000320  000050  000370       320       1  BANK6       1
                text24                         000800  000005  000805      1000       0  CODE        2
                text47                         000805  00009A  00089F      100A       0  CODE        2
                text7                          00089F  000761  001000      113E       0  CODE        2
                stringtext1                    001000  000300  001300      2000       0  STRCODE     2
                clrtext                        001301  000006  001307      2602       0  CODE        2
                text2                          001307  000161  001468      260E       0  CODE        2
                text56                         001468  00018F  0015F7      28D0       0  CODE        2
                text10                         0015F7  000209  001800      2BEE       0  CODE        2
                stringtext2                    001800  000400  001C00      3000       0  STRCODE     2
                text53                         001C01  00001B  001C1C      3802       0  CODE        2
                text45                         001C1C  0000E0  001CFC      3838       0  CODE        2
                maintext                       001CFC  000179  001E75      39F8       0  CODE        2
                text31                         001E75  00018B  002000      3CEA       0  CODE        2
                swtext1                        002000  000018  002018      4000       0  CONST       2
                text32                         002018  000055  00206D      4030       0  CODE        2
                text3                          00206D  00005A  0020C7      40DA       0  CODE        2
                text39                         0020C7  00007F  002146      418E       0  CODE        2
                text37                         002146  00007F  0021C5      428C       0  CODE        2
                text54                         0021C5  000087  00224C      438A       0  CODE        2
                text38                         00224C  000087  0022D3      4498       0  CODE        2
                text41                         0022D3  000089  00235C      45A6       0  CODE        2
                text55                         00235C  000096  0023F2      46B8       0  CODE        2
                text48                         0023F2  0000B1  0024A3      47E4       0  CODE        2
                text13                         0024A3  0000B6  002559      4946       0  CODE        2
                text14                         002559  0000C5  00261E      4AB2       0  CODE        2
                text46                         00261E  0000DD  0026FB      4C3C       0  CODE        2
                text30                         0026FB  000105  002800      4DF6       0  CODE        2
                text59                         002B1C  000003  002B1F      5638       0  CODE        2
                text6                          002B1F  000003  002B22      563E       0  CODE        2
                text22                         002B22  000006  002B28      5644       0  CODE        2
                text49                         002B28  000009  002B31      5650       0  CODE        2
                text18                         002B31  000009  002B3A      5662       0  CODE        2
                text51                         002B3A  00000B  002B45      5674       0  CODE        2
                text23                         002B45  00000B  002B50      568A       0  CODE        2
                text34                         002B50  00000C  002B5C      56A0       0  CODE        2
                text21                         002B5C  00000D  002B69      56B8       0  CODE        2
                text9                          002B69  00000E  002B77      56D2       0  CODE        2
                text35                         002B77  000011  002B88      56EE       0  CODE        2
                text28                         002B88  000011  002B99      5710       0  CODE        2
                text26                         002B99  000011  002BAA      5732       0  CODE        2
                text25                         002BAA  000012  002BBC      5754       0  CODE        2
                idataBANK3                     002BBC  000013  002BCF      5778       0  CODE        2
                text50                         002BCF  000015  002BE4      579E       0  CODE        2
                text27                         002BE4  00001E  002C02      57C8       0  CODE        2
                text17                         002C02  00001F  002C21      5804       0  CODE        2
                text43                         002C21  000020  002C41      5842       0  CODE        2
                text4                          002C41  000020  002C61      5882       0  CODE        2
                text20                         002C61  000026  002C87      58C2       0  CODE        2
                text36                         002C87  000031  002CB8      590E       0  CODE        2
                text1                          002CB8  000033  002CEB      5970       0  CODE        2
                text33                         002CEB  000036  002D21      59D6       0  CODE        2
                text5                          002D21  00003C  002D5D      5A42       0  CODE        2
                text40                         002D5D  00003E  002D9B      5ABA       0  CODE        2
                text29                         002D9B  000043  002DDE      5B36       0  CODE        2
                text15                         002DDE  000043  002E21      5BBC       0  CODE        2
                text11                         002E21  000045  002E66      5C42       0  CODE        2
                text52                         002E66  00004F  002EB5      5CCC       0  CODE        2
                text19                         002EB5  000052  002F07      5D6A       0  CODE        2
                text12                         002F07  000052  002F59      5E0E       0  CODE        2
                text16                         002F59  000053  002FAC      5EB2       0  CODE        2
                text44                         002FAC  000054  003000      5F58       0  CODE        2
                stringtext4                    003000  00016A  00316A      6000       0  STRCODE     2
                config                         008007  000002  008009     1000E       0  CONFIG      2


UNUSED ADDRESS RANGES

        Name                Unused          Largest block    Delta
        BANK10           00520-0056F              50           1
        BANK11           005A0-005EF              50           1
        BANK12           00620-0066F              50           1
        BANK13           006A0-006EF              50           1
        BANK14           00720-0076F              50           1
        BANK15           007A0-007EF              50           1
        BANK16           00820-0086F              50           1
        BANK17           008A0-008EF              50           1
        BANK18           00920-0096F              50           1
        BANK19           009A0-009EF              50           1
        BANK2            0016D-0016F               3           1
        BANK20           00A20-00A6F              50           1
        BANK21           00AA0-00AEF              50           1
        BANK22           00B20-00B6F              50           1
        BANK23           00BA0-00BEF              50           1
        BANK24           00C20-00C6F              50           1
        BANK25           00CA0-00CBF              20           1
        BANK3            001E4-001EF               C           1
        BANK4            00268-0026F               8           1
        BANK5            002D2-002EF              1E           1
        BANK7            003A0-003EF              50           1
        BANK8            00420-0046F              50           1
        BANK9            004A0-004EF              50           1
        BIGRAM           02000-027EF             7F0           1
        CODE             00002-00003               2           2
                         007FE-007FF               2
                         01300-01300               1
                         01C00-01C00               1
                         02800-02B1B             31C
                         0316A-03FFF             696
        COMMON           0007C-0007D               2           1
        CONST            00002-00003               2           2
                         007FE-007FF               2
                         01300-01300               1
                         01C00-01C00               1
                         02800-02B1B             100
                         0316A-03FFF             100
        EEDATA           0F000-0F0FF             100           2
        ENTRY            00002-00003               2           2
                         007FE-007FF               2
                         01300-01300               1
                         01C00-01C00               1
                         02800-02B1B             100
                         0316A-03FFF             100
        IDLOC            08000-08003               4           2
        RAM              0016D-0016F               3           1
                         001E4-001EF               C
                         00268-0026F               8
                         002D2-002EF              1E
                         003A0-003EF              50
                         00420-0046F              50
                         004A0-004EF              50
                         00520-0056F              50
                         005A0-005EF              50
                         00620-0066F              50
                         006A0-006EF              50
                         00720-0076F              50
                         007A0-007EF              50
                         00820-0086F              50
                         008A0-008EF              50
                         00920-0096F              50
                         009A0-009EF              50
                         00A20-00A6F              50
                         00AA0-00AEF              50
                         00B20-00B6F              50
                         00BA0-00BEF              50
                         00C20-00C6F              50
                         00CA0-00CBF              20
        SFR0             00000-0001F              20           1
        SFR1             00080-0009F              20           1
        SFR10            00500-0051F              20           1
        SFR11            00580-0059F              20           1
        SFR12            00600-0061F              20           1
        SFR13            00680-0069F              20           1
        SFR14            00700-0071F              20           1
        SFR15            00780-0079F              20           1
        SFR16            00800-0081F              20           1
        SFR17            00880-0089F              20           1
        SFR18            00900-0091F              20           1
        SFR19            00980-0099F              20           1
        SFR2             00100-0011F              20           1
        SFR20            00A00-00A1F              20           1
        SFR21            00A80-00A9F              20           1
        SFR22            00B00-00B1F              20           1
        SFR23            00B80-00B9F              20           1
        SFR24            00C00-00C1F              20           1
        SFR25            00C80-00C9F              20           1
        SFR26            00D00-00D6F              70           1
        SFR27            00D80-00DEF              70           1
        SFR28            00E00-00E6F              70           1
        SFR29            00E80-00EEF              70           1
        SFR3             00180-0019F              20           1
        SFR30            00F00-00F6F              70           1
        SFR31            00F80-00FEF              70           1
        SFR4             00200-0021F              20           1
        SFR5             00280-0029F              20           1
        SFR6             00300-0031F              20           1
        SFR7             00380-0039F              20           1
        SFR8             00400-0041F              20           1
        SFR9             00480-0049F              20           1
        STACK            02230-027EF             5C0           1
        STRCODE          00002-00003               2           2
                         007FE-007FF               2
                         01300-01300               1
                         01C00-01C00               1
                         02800-02B1B             31C
                         0316A-03FFF             E96
        STRING           00002-00003               2           2
                         007FE-007FF               2
                         01300-01300               1
                         01C00-01C00               1
                         02800-02B1B             100
                         0316A-03FFF             100

                                  Symbol Table

?__Umul8_16                            cstackCOMMON 00072
?___awdiv                              cstackBANK0  00020
?___awmod                              cstackCOMMON 00072
?___fladd                              cstackBANK1  000BD
?___fldiv                              cstackBANK0  00038
?___flmul                              cstackBANK0  00052
?___flneg                              cstackCOMMON 00072
?___flsub                              cstackBANK1  000D5
?___fltol                              cstackBANK1  000B5
?___lldiv                              cstackCOMMON 00072
?___llmod                              cstackBANK0  00026
?___wmul                               cstackCOMMON 00072
?___xxtofl                             cstackBANK0  0002E
?__div_to_l_                           cstackCOMMON 00072
?__tdiv_to_l_                          cstackCOMMON 00072
?_adcRead                              cstackCOMMON 00072
?_avgBuff                              cstackBANK1  000D5
?_calculateCurrent                     cstackBANK1  000D5
?_calculateTemp                        cstackBANK1  000C0
?_fround                               cstackBANK0  0006C
?_getCurrent                           cstackBANK1  000E1
?_getTemps                             cstackBANK1  000C8
?_pec15_calc                           cstackCOMMON 00078
?_scale                                cstackBANK0  0006C
?_sprintf                              cstackBANK1  000E5
?_sumVoltages                          cstackBANK1  000D5
LTC6804_adcv@cmd                       cstackBANK0  00030
LTC6804_adcv@cmd_pec                   cstackBANK0  00034
LTC6804_initialize@configReg           cstackBANK0  00049
LTC6804_rdaux@BYT_IN_REG               stringtext15 03165
LTC6804_rdaux@GPIO_IN_REG              stringtext14 03164
LTC6804_rdaux@NUM_RX_BYT               stringtext16 03166
LTC6804_rdaux_reg@REG_LEN              stringtext13 03163
LTC6804_rdcfg@BYTES_IN_REG             stringtext11 03161
LTC6804_rdcv@BYT_IN_REG                stringtext19 03169
LTC6804_rdcv@CELL_IN_REG               stringtext18 03168
LTC6804_rdcv@NUM_RX_BYT                stringtext20 030C2
LTC6804_rdcv@cell_codes                cstackBANK0  0003C
LTC6804_rdcv@cell_data                 cstackBANK0  00042
LTC6804_rdcv@cell_reg                  cstackBANK0  00056
LTC6804_rdcv@current_cell              cstackBANK0  00053
LTC6804_rdcv@current_cell_1330         cstackBANK0  00055
LTC6804_rdcv@current_ic                cstackBANK0  00052
LTC6804_rdcv@current_ic_1329           cstackBANK0  00054
LTC6804_rdcv@data_counter              cstackBANK0  00057
LTC6804_rdcv@data_pec                  cstackBANK0  0004F
LTC6804_rdcv@parsed_cell               cstackBANK0  0004B
LTC6804_rdcv@pec_error                 cstackBANK0  0004A
LTC6804_rdcv@received_pec              cstackBANK0  0004D
LTC6804_rdcv@reg                       cstackBANK0  00051
LTC6804_rdcv@total_ic                  cstackBANK0  0003B
LTC6804_rdcv_reg@REG_LEN               stringtext17 03167
LTC6804_rdcv_reg@cmd                   cstackBANK0  00036
LTC6804_rdcv_reg@cmd_pec               cstackBANK0  00034
LTC6804_rdcv_reg@data                  cstackBANK0  00030
LTC6804_rdcv_reg@reg                   cstackBANK0  0003A
LTC6804_rdcv_reg@total_ic              cstackBANK0  0002F
LTC6804_wrcfg@BYTES_IN_REG             stringtext12 03162
LTC6804_wrcfg@CMD_LEN                  cstackBANK0  00042
LTC6804_wrcfg@cfg_pec                  cstackBANK0  00044
LTC6804_wrcfg@cmd                      cstackBANK0  00036
LTC6804_wrcfg@cmd_index                cstackBANK0  00048
LTC6804_wrcfg@config                   cstackBANK0  0002F
LTC6804_wrcfg@current_byte             cstackBANK0  00046
LTC6804_wrcfg@current_ic               cstackBANK0  00047
LTC6804_wrcfg@total_ic                 cstackBANK0  00043
SSD1306_Test@F7528                     dataBANK3    001D8
_ADAX                                  bssBANK3     001C9
_ADCON0                                (abs)        0009D
_ADCON0bits                            (abs)        0009D
_ADCON1                                (abs)        0009E
_ADCON2                                (abs)        0009F
_ADCV                                  bssBANK3     001CB
_ADRESH                                (abs)        0009C
_ADRESL                                (abs)        0009B
_ANSELA                                (abs)        0018C
_ANSELB                                (abs)        0018D
_ANSELD                                (abs)        0018F
_APFCON1bits                           (abs)        0011D
_CCP2CON                               (abs)        0029A
_INTCONbits                            (abs)        0000B
_ISR                                   intentry     00004
_LATAbits                              (abs)        0010C
_LATBbits                              (abs)        0010D
_LATDbits                              (abs)        0010F
_LTC6804_adcv                          text36       02C87
_LTC6804_initialize                    text28       02B88
_LTC6804_rdcv                          text31       01E75
_LTC6804_rdcv_reg                      text32       02018
_LTC6804_wrcfg                         text48       023F2
_OPTION_REG                            (abs)        00095
_PIE1bits                              (abs)        00091
_PIE2bits                              (abs)        00092
_PIR1bits                              (abs)        00011
_PIR2bits                              (abs)        00012
_PR2                                   (abs)        0001B
_RCSTAbits                             (abs)        0019D
_SOC                                   bssBANK3     001AA
_SPBRGH                                (abs)        0019C
_SPBRGL                                (abs)        0019B
_SSP1BUF                               (abs)        00211
_SSP1CON1                              (abs)        00215
_SSP1CON1bits                          (abs)        00215
_SSP1CON3bits                          (abs)        00217
_SSP1STATbits                          (abs)        00214
_SSPADD                                (abs)        00212
_SSPBUF                                (abs)        00211
_SSPCON1                               (abs)        00215
_SSPCON2bits                           (abs)        00216
_SSPSTAT                               (abs)        00214
_SSPSTATbits                           (abs)        00214
_T2CON                                 (abs)        0001C
_TRISAbits                             (abs)        0008C
_TRISBbits                             (abs)        0008D
_TRISCbits                             (abs)        0008E
_TRISDbits                             (abs)        0008F
_TXREG                                 (abs)        0019A
_TXSTAbits                             (abs)        0019E
_WPUD                                  (abs)        0020F
__CFG_BOREN$ON                         (abs)        00000
__CFG_BORV$LO                          (abs)        00000
__CFG_CLKOUTEN$OFF                     (abs)        00000
__CFG_CP$OFF                           (abs)        00000
__CFG_CPD$OFF                          (abs)        00000
__CFG_FCMEN$ON                         (abs)        00000
__CFG_FOSC$HS                          (abs)        00000
__CFG_IESO$OFF                         (abs)        00000
__CFG_LPBOR$OFF                        (abs)        00000
__CFG_LVP$OFF                          (abs)        00000
__CFG_MCLRE$ON                         (abs)        00000
__CFG_PLLEN$ON                         (abs)        00000
__CFG_PWRTE$OFF                        (abs)        00000
__CFG_STVREN$ON                        (abs)        00000
__CFG_VCAPEN$OFF                       (abs)        00000
__CFG_WDTE$OFF                         (abs)        00000
__CFG_WRT$OFF                          (abs)        00000
__Habs1                                abs1         00000
__Hbank0                               bank0        00000
__Hbank1                               bank1        00000
__Hbank10                              bank10       00000
__Hbank11                              bank11       00000
__Hbank12                              bank12       00000
__Hbank13                              bank13       00000
__Hbank14                              bank14       00000
__Hbank15                              bank15       00000
__Hbank16                              bank16       00000
__Hbank17                              bank17       00000
__Hbank18                              bank18       00000
__Hbank19                              bank19       00000
__Hbank2                               bank2        00000
__Hbank20                              bank20       00000
__Hbank21                              bank21       00000
__Hbank22                              bank22       00000
__Hbank23                              bank23       00000
__Hbank24                              bank24       00000
__Hbank25                              bank25       00000
__Hbank26                              bank26       00000
__Hbank27                              bank27       00000
__Hbank28                              bank28       00000
__Hbank29                              bank29       00000
__Hbank3                               bank3        00000
__Hbank30                              bank30       00000
__Hbank31                              bank31       00000
__Hbank4                               bank4        00000
__Hbank5                               bank5        00000
__Hbank6                               bank6        00000
__Hbank7                               bank7        00000
__Hbank8                               bank8        00000
__Hbank9                               bank9        00000
__Hbigram                              bigram       00000
__HbssBANK2                            bssBANK2     00000
__HbssBANK3                            bssBANK3     00000
__HbssBANK4                            bssBANK4     00000
__HbssBANK5                            bssBANK5     00000
__HbssBANK6                            bssBANK6     00000
__HbssCOMMON                           bssCOMMON    00000
__Hcinit                               cinit        000AB
__Hclrtext                             clrtext      00000
__Hcode                                code         00000
__Hcommon                              common       00000
__Hconfig                              config       08009
__HcstackBANK0                         cstackBANK0  00000
__HcstackBANK1                         cstackBANK1  00000
__HcstackBANK2                         cstackBANK2  00000
__HcstackBANK3                         cstackBANK3  00000
__HcstackCOMMON                        cstackCOMMON 00000
__HdataBANK3                           dataBANK3    00000
__Heeprom_data                         eeprom_data  00000
__Hend_init                            end_init     00077
__Hfunctab                             functab      00000
__HidataBANK3                          idataBANK3   00000
__Hidloc                               idloc        00000
__Hinit                                init         00075
__Hinittext                            inittext     00000
__Hintentry                            intentry     00075
__Hmaintext                            maintext     00000
__Hpowerup                             powerup      00000
__Hram                                 ram          00000
__Hreset_vec                           reset_vec    00002
__Hsfr0                                sfr0         00000
__Hsfr1                                sfr1         00000
__Hsfr10                               sfr10        00000
__Hsfr11                               sfr11        00000
__Hsfr12                               sfr12        00000
__Hsfr13                               sfr13        00000
__Hsfr14                               sfr14        00000
__Hsfr15                               sfr15        00000
__Hsfr16                               sfr16        00000
__Hsfr17                               sfr17        00000
__Hsfr18                               sfr18        00000
__Hsfr19                               sfr19        00000
__Hsfr2                                sfr2         00000
__Hsfr20                               sfr20        00000
__Hsfr21                               sfr21        00000
__Hsfr22                               sfr22        00000
__Hsfr23                               sfr23        00000
__Hsfr24                               sfr24        00000
__Hsfr25                               sfr25        00000
__Hsfr26                               sfr26        00000
__Hsfr27                               sfr27        00000
__Hsfr28                               sfr28        00000
__Hsfr29                               sfr29        00000
__Hsfr3                                sfr3         00000
__Hsfr30                               sfr30        00000
__Hsfr31                               sfr31        00000
__Hsfr4                                sfr4         00000
__Hsfr5                                sfr5         00000
__Hsfr6                                sfr6         00000
__Hsfr7                                sfr7         00000
__Hsfr8                                sfr8         00000
__Hsfr9                                sfr9         00000
__Hspace_0                             (abs)        08009
__Hspace_1                             (abs)        00370
__Hspace_2                             (abs)        00000
__Hspace_3                             (abs)        00000
__Hstack                               stack        00000
__Hstrings                             strings      00000
__Hstringtext1                         stringtext1  00000
__Hstringtext10                        stringtext10 00000
__Hstringtext11                        stringtext11 00000
__Hstringtext12                        stringtext12 00000
__Hstringtext13                        stringtext13 00000
__Hstringtext14                        stringtext14 00000
__Hstringtext15                        stringtext15 00000
__Hstringtext16                        stringtext16 00000
__Hstringtext17                        stringtext17 00000
__Hstringtext18                        stringtext18 00000
__Hstringtext19                        stringtext19 00000
__Hstringtext2                         stringtext2  00000
__Hstringtext20                        stringtext20 00000
__Hstringtext21                        stringtext21 00000
__Hstringtext22                        stringtext22 00000
__Hstringtext23                        stringtext23 00000
__Hstringtext24                        stringtext24 00000
__Hstringtext25                        stringtext25 00000
__Hstringtext26                        stringtext26 00000
__Hstringtext27                        stringtext27 00000
__Hstringtext28                        stringtext28 00000
__Hstringtext3                         stringtext3  00000
__Hstringtext4                         stringtext4  00000
__Hstringtext5                         stringtext5  00000
__Hstringtext6                         stringtext6  00000
__Hstringtext7                         stringtext7  00000
__Hstringtext8                         stringtext8  00000
__Hstringtext9                         stringtext9  00000
__Htext                                text         00000
__Labs1                                abs1         00000
__Lbank0                               bank0        00000
__Lbank1                               bank1        00000
__Lbank10                              bank10       00000
__Lbank11                              bank11       00000
__Lbank12                              bank12       00000
__Lbank13                              bank13       00000
__Lbank14                              bank14       00000
__Lbank15                              bank15       00000
__Lbank16                              bank16       00000
__Lbank17                              bank17       00000
__Lbank18                              bank18       00000
__Lbank19                              bank19       00000
__Lbank2                               bank2        00000
__Lbank20                              bank20       00000
__Lbank21                              bank21       00000
__Lbank22                              bank22       00000
__Lbank23                              bank23       00000
__Lbank24                              bank24       00000
__Lbank25                              bank25       00000
__Lbank26                              bank26       00000
__Lbank27                              bank27       00000
__Lbank28                              bank28       00000
__Lbank29                              bank29       00000
__Lbank3                               bank3        00000
__Lbank30                              bank30       00000
__Lbank31                              bank31       00000
__Lbank4                               bank4        00000
__Lbank5                               bank5        00000
__Lbank6                               bank6        00000
__Lbank7                               bank7        00000
__Lbank8                               bank8        00000
__Lbank9                               bank9        00000
__Lbigram                              bigram       00000
__LbssBANK2                            bssBANK2     00000
__LbssBANK3                            bssBANK3     00000
__LbssBANK4                            bssBANK4     00000
__LbssBANK5                            bssBANK5     00000
__LbssBANK6                            bssBANK6     00000
__LbssCOMMON                           bssCOMMON    00000
__Lcinit                               cinit        00077
__Lclrtext                             clrtext      00000
__Lcode                                code         00000
__Lcommon                              common       00000
__Lconfig                              config       08007
__LcstackBANK0                         cstackBANK0  00000
__LcstackBANK1                         cstackBANK1  00000
__LcstackBANK2                         cstackBANK2  00000
__LcstackBANK3                         cstackBANK3  00000
__LcstackCOMMON                        cstackCOMMON 00000
__LdataBANK3                           dataBANK3    00000
__Leeprom_data                         eeprom_data  00000
__Lend_init                            end_init     00075
__Lfunctab                             functab      00000
__LidataBANK3                          idataBANK3   00000
__Lidloc                               idloc        00000
__Linit                                init         00075
__Linittext                            inittext     00000
__Lintentry                            intentry     00004
__Lmaintext                            maintext     00000
__Lpowerup                             powerup      00000
__Lram                                 ram          00000
__Lreset_vec                           reset_vec    00000
__Lsfr0                                sfr0         00000
__Lsfr1                                sfr1         00000
__Lsfr10                               sfr10        00000
__Lsfr11                               sfr11        00000
__Lsfr12                               sfr12        00000
__Lsfr13                               sfr13        00000
__Lsfr14                               sfr14        00000
__Lsfr15                               sfr15        00000
__Lsfr16                               sfr16        00000
__Lsfr17                               sfr17        00000
__Lsfr18                               sfr18        00000
__Lsfr19                               sfr19        00000
__Lsfr2                                sfr2         00000
__Lsfr20                               sfr20        00000
__Lsfr21                               sfr21        00000
__Lsfr22                               sfr22        00000
__Lsfr23                               sfr23        00000
__Lsfr24                               sfr24        00000
__Lsfr25                               sfr25        00000
__Lsfr26                               sfr26        00000
__Lsfr27                               sfr27        00000
__Lsfr28                               sfr28        00000
__Lsfr29                               sfr29        00000
__Lsfr3                                sfr3         00000
__Lsfr30                               sfr30        00000
__Lsfr31                               sfr31        00000
__Lsfr4                                sfr4         00000
__Lsfr5                                sfr5         00000
__Lsfr6                                sfr6         00000
__Lsfr7                                sfr7         00000
__Lsfr8                                sfr8         00000
__Lsfr9                                sfr9         00000
__Lspace_0                             (abs)        00000
__Lspace_1                             (abs)        00000
__Lspace_2                             (abs)        00000
__Lspace_3                             (abs)        00000
__Lstack                               stack        00000
__Lstrings                             strings      00000
__Lstringtext1                         stringtext1  00000
__Lstringtext10                        stringtext10 00000
__Lstringtext11                        stringtext11 00000
__Lstringtext12                        stringtext12 00000
__Lstringtext13                        stringtext13 00000
__Lstringtext14                        stringtext14 00000
__Lstringtext15                        stringtext15 00000
__Lstringtext16                        stringtext16 00000
__Lstringtext17                        stringtext17 00000
__Lstringtext18                        stringtext18 00000
__Lstringtext19                        stringtext19 00000
__Lstringtext2                         stringtext2  00000
__Lstringtext20                        stringtext20 00000
__Lstringtext21                        stringtext21 00000
__Lstringtext22                        stringtext22 00000
__Lstringtext23                        stringtext23 00000
__Lstringtext24                        stringtext24 00000
__Lstringtext25                        stringtext25 00000
__Lstringtext26                        stringtext26 00000
__Lstringtext27                        stringtext27 00000
__Lstringtext28                        stringtext28 00000
__Lstringtext3                         stringtext3  00000
__Lstringtext4                         stringtext4  00000
__Lstringtext5                         stringtext5  00000
__Lstringtext6                         stringtext6  00000
__Lstringtext7                         stringtext7  00000
__Lstringtext8                         stringtext8  00000
__Lstringtext9                         stringtext9  00000
__Ltext                                text         00000
__S0                                   (abs)        08009
__S1                                   (abs)        00370
__S2                                   (abs)        00000
__S3                                   (abs)        00000
__Umul8_16                             text43       02C21
__Umul8_16@multiplicand                cstackCOMMON 00072
__Umul8_16@multiplier                  cstackBANK0  00024
__Umul8_16@product                     cstackBANK0  00020
__Umul8_16@word_mpld                   cstackBANK0  00022
___awdiv                               text12       02F07
___awdiv@counter                       cstackBANK0  00024
___awdiv@dividend                      cstackBANK0  00022
___awdiv@divisor                       cstackBANK0  00020
___awdiv@quotient                      cstackBANK0  00026
___awdiv@sign                          cstackBANK0  00025
___awmod                               text11       02E21
___awmod@counter                       cstackCOMMON 00077
___awmod@dividend                      cstackCOMMON 00074
___awmod@divisor                       cstackCOMMON 00072
___awmod@sign                          cstackCOMMON 00078
___bmul                                text35       02B77
___bmul@multiplicand                   cstackCOMMON 00072
___bmul@multiplier                     cstackCOMMON 00075
___bmul@product                        cstackCOMMON 00074
___fladd                               text57       005FC
___fladd@a                             cstackBANK1  000C1
___fladd@aexp                          cstackBANK1  000D2
___fladd@b                             cstackBANK1  000BD
___fladd@bexp                          cstackBANK1  000D3
___fladd@grs                           cstackBANK1  000D4
___fladd@signs                         cstackBANK1  000D1
___fldiv                               text56       01468
___fldiv@a                             cstackBANK0  00038
___fldiv@aexp                          cstackBANK0  00051
___fldiv@b                             cstackBANK0  0003C
___fldiv@bexp                          cstackBANK0  00050
___fldiv@grs                           cstackBANK0  0004C
___fldiv@new_exp                       cstackBANK0  0004A
___fldiv@rem                           cstackBANK0  00046
___fldiv@sign                          cstackBANK0  00045
___flge                                text47       00805
___flge@ff1                            cstackBANK1  000D5
___flge@ff2                            cstackBANK1  000D9
___flmul                               text42       003D0
___flmul@a                             cstackBANK0  00056
___flmul@aexp                          cstackBANK0  00060
___flmul@b                             cstackBANK0  00052
___flmul@bexp                          cstackBANK0  00065
___flmul@grs                           cstackBANK0  00061
___flmul@prod                          cstackBANK0  00066
___flmul@sign                          cstackBANK0  0005F
___flmul@temp                          cstackBANK0  0006A
___flneg                               text18       02B31
___flneg@f1                            cstackCOMMON 00072
___flsub                               text17       02C02
___flsub@a                             cstackBANK1  000D5
___flsub@b                             cstackBANK1  000D9
___fltol                               text39       020C7
___fltol@exp1                          cstackBANK1  000BF
___fltol@f1                            cstackBANK1  000B5
___fltol@sign1                         cstackBANK1  000BE
___int_sp                              stack        00000
___latbits                             (abs)        00003
___lldiv                               text16       02F59
___lldiv@counter                       cstackBANK0  00025
___lldiv@dividend                      cstackCOMMON 00076
___lldiv@divisor                       cstackCOMMON 00072
___lldiv@quotient                      cstackBANK0  00021
___llmod                               text15       02DDE
___llmod@counter                       cstackBANK0  0002F
___llmod@dividend                      cstackBANK0  0002A
___llmod@divisor                       cstackBANK0  00026
___sp                                  stack        00000
___wmul                                text53       01C01
___wmul@multiplicand                   cstackCOMMON 00074
___wmul@multiplier                     cstackCOMMON 00072
___wmul@product                        cstackCOMMON 00076
___xxtofl                              text55       0235C
___xxtofl@arg                          cstackBANK0  00034
___xxtofl@exp                          cstackBANK0  00033
___xxtofl@sign                         cstackBANK0  00032
___xxtofl@val                          cstackBANK0  0002E
__div_to_l_                            text14       02559
__div_to_l_@cntr                       cstackBANK0  00029
__div_to_l_@exp1                       cstackBANK0  0002A
__div_to_l_@f1                         cstackCOMMON 00072
__div_to_l_@f2                         cstackCOMMON 00076
__div_to_l_@quot                       cstackBANK0  00025
__end_ofLTC6804_rdaux@BYT_IN_REG       stringtext15 03166
__end_ofLTC6804_rdaux@GPIO_IN_REG      stringtext14 03165
__end_ofLTC6804_rdaux@NUM_RX_BYT       stringtext16 03167
__end_ofLTC6804_rdaux_reg@REG_LEN      stringtext13 03164
__end_ofLTC6804_rdcfg@BYTES_IN_REG     stringtext11 03162
__end_ofLTC6804_rdcv@BYT_IN_REG        stringtext19 0316A
__end_ofLTC6804_rdcv@CELL_IN_REG       stringtext18 03169
__end_ofLTC6804_rdcv@NUM_RX_BYT        stringtext20 030C3
__end_ofLTC6804_rdcv_reg@REG_LEN       stringtext17 03168
__end_ofLTC6804_wrcfg@BYTES_IN_REG     stringtext12 03163
__end_of_Beta                          stringtext10 03161
__end_of_ISR                           intentry     00075
__end_of_LTC6804_adcv                  text36       02CB8
__end_of_LTC6804_initialize            text28       02B99
__end_of_LTC6804_rdcv                  text31       02000
__end_of_LTC6804_rdcv_reg              text32       0206D
__end_of_LTC6804_wrcfg                 text48       024A3
__end_of_OledFont                      stringtext1  01300
__end_of__Umul8_16                     text43       02C41
__end_of___awdiv                       text12       02F59
__end_of___awmod                       text11       02E66
__end_of___bmul                        text35       02B88
__end_of___fladd                       text57       007F8
__end_of___fldiv                       text56       015F7
__end_of___flge                        text47       0089F
__end_of___flmul                       text42       005FC
__end_of___flneg                       text18       02B3A
__end_of___flsub                       text17       02C21
__end_of___fltol                       text39       02146
__end_of___lldiv                       text16       02FAC
__end_of___llmod                       text15       02E21
__end_of___wmul                        text53       01C1C
__end_of___xxtofl                      text55       023F2
__end_of__div_to_l_                    text14       0261E
__end_of__initialization               cinit        000A7
__end_of__npowers_                     stringtext5  03068
__end_of__powers_                      stringtext4  03034
__end_of__tdiv_to_l_                   text13       02559
__end_of_adcRead                       text44       03000
__end_of_adcSetup                      text27       02C02
__end_of_avgBuff                       text54       0224C
__end_of_balanceThreshold              stringtext9  0315F
__end_of_calculateCurrent              text41       0235C
__end_of_calculateTemp                 text38       022D3
__end_of_cellBalancing                 text45       01CFC
__end_of_clearScreen                   text5        02D5D
__end_of_crc15Table                    stringtext3  01C00
__end_of_dpowers                       stringtext7  030C2
__end_of_fround                        text10       01800
__end_of_getCurrent                    text40       02D9B
__end_of_getTemps                      text37       021C5
__end_of_i2cSetup                      text26       02BAA
__end_of_isdigit                       text9        02B77
__end_of_main                          maintext     01E75
__end_of_measureVoltages               text30       02800
__end_of_pec15_calc                    text52       02EB5
__end_of_scale                         text8        003D0
__end_of_setDischarge                  text46       026FB
__end_of_set_adc                       text29       02DDE
__end_of_setup                         text20       02C87
__end_of_spiSetup                      text25       02BBC
__end_of_spi_read                      text34       02B5C
__end_of_spi_write                     text51       02B45
__end_of_spi_write_array               text50       02BE4
__end_of_spi_write_read                text33       02D21
__end_of_sprintf                       text7        01000
__end_of_sumVoltages                   text19       02F07
__end_of_t0                            stringtext8  0315D
__end_of_temperatures                  stringtext6  0309A
__end_of_timer0Setup                   text24       00805
__end_of_timer2Setup                   text23       02B50
__end_of_timerSetup                    text22       02B28
__end_of_uartDisable                   text59       02B1F
__end_of_uartEnable                    text6        02B22
__end_of_uartSetup                     text21       02B69
__end_of_wakeup_idle                   text49       02B31
__end_of_writeCurrent                  text4        02C61
__end_of_writeTemps                    text3        020C7
__end_of_writeValuesToUart             text1        02CEB
__end_of_writeVoltages                 text2        01468
__end_ofltc6804@crc15Table             stringtext2  01A00
__initialization                       cinit        00077
__npowers_                             stringtext5  03034
__pbssBANK2                            bssBANK2     0016B
__pbssBANK3                            bssBANK3     001A0
__pbssBANK4                            bssBANK4     00220
__pbssBANK5                            bssBANK5     002A0
__pbssBANK6                            bssBANK6     00320
__pbssCOMMON                           bssCOMMON    0007A
__pcstackBANK0                         cstackBANK0  00020
__pcstackBANK1                         cstackBANK1  000A0
__pcstackBANK2                         cstackBANK2  00120
__pcstackBANK3                         cstackBANK3  001E0
__pcstackCOMMON                        cstackCOMMON 00070
__pdataBANK3                           dataBANK3    001CD
__pidataBANK3                          idataBANK3   02BBC
__pintentry                            intentry     00004
__pmaintext                            maintext     01CFC
__powers_                              stringtext4  03000
__pstringtext1                         stringtext1  01000
__pstringtext10                        stringtext10 0315F
__pstringtext11                        stringtext11 03161
__pstringtext12                        stringtext12 03162
__pstringtext13                        stringtext13 03163
__pstringtext14                        stringtext14 03164
__pstringtext15                        stringtext15 03165
__pstringtext16                        stringtext16 03166
__pstringtext17                        stringtext17 03167
__pstringtext18                        stringtext18 03168
__pstringtext19                        stringtext19 03169
__pstringtext2                         stringtext2  01800
__pstringtext20                        stringtext20 030C2
__pstringtext21                        stringtext21 030E9
__pstringtext22                        stringtext22 03100
__pstringtext23                        stringtext23 03114
__pstringtext24                        stringtext24 03127
__pstringtext25                        stringtext25 03136
__pstringtext26                        stringtext26 03145
__pstringtext27                        stringtext27 03150
__pstringtext28                        stringtext28 00000
__pstringtext3                         stringtext3  01A00
__pstringtext4                         stringtext4  03000
__pstringtext5                         stringtext5  03034
__pstringtext6                         stringtext6  03068
__pstringtext7                         stringtext7  0309A
__pstringtext8                         stringtext8  03159
__pstringtext9                         stringtext9  0315D
__pswtext1                             swtext1      02000
__ptext1                               text1        02CB8
__ptext10                              text10       015F7
__ptext11                              text11       02E21
__ptext12                              text12       02F07
__ptext13                              text13       024A3
__ptext14                              text14       02559
__ptext15                              text15       02DDE
__ptext16                              text16       02F59
__ptext17                              text17       02C02
__ptext18                              text18       02B31
__ptext19                              text19       02EB5
__ptext2                               text2        01307
__ptext20                              text20       02C61
__ptext21                              text21       02B5C
__ptext22                              text22       02B22
__ptext23                              text23       02B45
__ptext24                              text24       00800
__ptext25                              text25       02BAA
__ptext26                              text26       02B99
__ptext27                              text27       02BE4
__ptext28                              text28       02B88
__ptext29                              text29       02D9B
__ptext3                               text3        0206D
__ptext30                              text30       026FB
__ptext31                              text31       01E75
__ptext32                              text32       02018
__ptext33                              text33       02CEB
__ptext34                              text34       02B50
__ptext35                              text35       02B77
__ptext36                              text36       02C87
__ptext37                              text37       02146
__ptext38                              text38       0224C
__ptext39                              text39       020C7
__ptext4                               text4        02C41
__ptext40                              text40       02D5D
__ptext41                              text41       022D3
__ptext42                              text42       003D0
__ptext43                              text43       02C21
__ptext44                              text44       02FAC
__ptext45                              text45       01C1C
__ptext46                              text46       0261E
__ptext47                              text47       00805
__ptext48                              text48       023F2
__ptext49                              text49       02B28
__ptext5                               text5        02D21
__ptext50                              text50       02BCF
__ptext51                              text51       02B3A
__ptext52                              text52       02E66
__ptext53                              text53       01C01
__ptext54                              text54       021C5
__ptext55                              text55       0235C
__ptext56                              text56       01468
__ptext57                              text57       005FC
__ptext59                              text59       02B1C
__ptext6                               text6        02B1F
__ptext7                               text7        0089F
__ptext8                               text8        000AB
__ptext9                               text9        02B69
__size_of_ISR                          (abs)        00000
__size_of_LTC6804_adcv                 (abs)        00000
__size_of_LTC6804_initialize           (abs)        00000
__size_of_LTC6804_rdcv                 (abs)        00000
__size_of_LTC6804_rdcv_reg             (abs)        00000
__size_of_LTC6804_wrcfg                (abs)        00000
__size_of__Umul8_16                    (abs)        00000
__size_of___awdiv                      (abs)        00000
__size_of___awmod                      (abs)        00000
__size_of___bmul                       (abs)        00000
__size_of___fladd                      (abs)        00000
__size_of___fldiv                      (abs)        00000
__size_of___flge                       (abs)        00000
__size_of___flmul                      (abs)        00000
__size_of___flneg                      (abs)        00000
__size_of___flsub                      (abs)        00000
__size_of___fltol                      (abs)        00000
__size_of___lldiv                      (abs)        00000
__size_of___llmod                      (abs)        00000
__size_of___wmul                       (abs)        00000
__size_of___xxtofl                     (abs)        00000
__size_of__div_to_l_                   (abs)        00000
__size_of__tdiv_to_l_                  (abs)        00000
__size_of_adcRead                      (abs)        00000
__size_of_adcSetup                     (abs)        00000
__size_of_avgBuff                      (abs)        00000
__size_of_calculateCurrent             (abs)        00000
__size_of_calculateTemp                (abs)        00000
__size_of_cellBalancing                (abs)        00000
__size_of_clearScreen                  (abs)        00000
__size_of_fround                       (abs)        00000
__size_of_getCurrent                   (abs)        00000
__size_of_getTemps                     (abs)        00000
__size_of_i2cSetup                     (abs)        00000
[...]
      Totals:         6       0       0       0       0       0       0       0       0       0       0       0       0       0       0       0       0       0       0       0       0       0       0       0       0       0       0
Total ram usage:        6 bytes
 Hardware stack levels used:    1
 Hardware stack levels required when called:    2
 This function calls:
		Nothing
 This function is called by:
		_LTC6804_rdcv
		_LTC6804_wrcfg
		_sprintf
		_LTC6804_rdaux
 This function uses a non-reentrant model


 *************** function _avgBuff *****************
 Defined at:
		line 68 in file "adc.c"
 Parameters:    Size  Location     Type
  buff            1    wreg     PTR float 
		 -> currentBuff(80), 
  size            2   53[BANK1 ] int 
 Auto vars:     Size  Location     Type
  buff            1   59[BANK1 ] PTR float 
		 -> currentBuff(80), 
  total           4   60[BANK1 ] float 
  inc             2   64[BANK1 ] int 
 Return value:  Size  Location     Type
                  4   53[BANK1 ] float 
 Registers used:
		wreg, fsr1l, fsr1h, status,2, status,0, pclath, cstack
 Tracked objects:
		On entry : 
		On exit  : 
		Unchanged: 
 Data sizes:     COMMON   BANK0   BANK1   BANK2   BANK3   BANK4   BANK5   BANK6   BANK7   BANK8   BANK9  BANK10  BANK11  BANK12  BANK13  BANK14  BANK15  BANK16  BANK17  BANK18  BANK19  BANK20  BANK21  BANK22  BANK23  BANK24  BANK25
      Params:         0       0       4       0       0       0       0       0       0       0       0       0       0       0       0       0       0       0       0       0       0       0       0       0       0       0       0
      Locals:         0       0       7       0       0       0       0       0       0       0       0       0       0       0       0       0       0       0       0       0       0       0       0       0       0       0       0
      Temps:          0       0       2       0       0       0       0       0       0       0       0       0       0       0       0       0       0       0       0       0       0       0       0       0       0       0       0
      Totals:         0       0      13       0       0       0       0       0       0       0       0       0       0       0       0       0       0       0       0       0       0       0       0       0       0       0       0
Total ram usage:       13 bytes
 Hardware stack levels used:    1
 Hardware stack levels required when called:    3
 This function calls:
		___fladd
		___fldiv
		___xxtofl
 This function is called by:
		_main
 This function uses a non-reentrant model


 *************** function ___xxtofl *****************
 Defined at:
		line 10 in file "C:\Program Files (x86)\Microchip\xc8\v1.45\sources\common\xxtofl.c"
 Parameters:    Size  Location     Type
  sign            1    wreg     unsigned char 
  val             4   14[BANK0 ] long 
 Auto vars:     Size  Location     Type
  sign            1   18[BANK0 ] unsigned char 
  arg             4   20[BANK0 ] unsigned long 
  exp             1   19[BANK0 ] unsigned char 
 Return value:  Size  Location     Type
                  4   14[BANK0 ] unsigned char 
 Registers used:
		wreg, status,2, status,0
 Tracked objects:
		On entry : 
		On exit  : 
		Unchanged: 
 Data sizes:     COMMON   BANK0   BANK1   BANK2   BANK3   BANK4   BANK5   BANK6   BANK7   BANK8   BANK9  BANK10  BANK11  BANK12  BANK13  BANK14  BANK15  BANK16  BANK17  BANK18  BANK19  BANK20  BANK21  BANK22  BANK23  BANK24  BANK25
      Params:         0       4       0       0       0       0       0       0       0       0       0       0       0       0       0       0       0       0       0       0       0       0       0       0       0       0       0
      Locals:         0       6       0       0       0       0       0       0       0       0       0       0       0       0       0       0       0       0       0       0       0       0       0       0       0       0       0
      Temps:          4       0       0       0       0       0       0       0       0       0       0       0       0       0       0       0       0       0       0       0       0       0       0       0       0       0       0
      Totals:         4      10       0       0       0       0       0       0       0       0       0       0       0       0       0       0       0       0       0       0       0       0       0       0       0       0       0
Total ram usage:       14 bytes
 Hardware stack levels used:    1
 Hardware stack levels required when called:    2
 This function calls:
		Nothing
 This function is called by:
		_calculateTemp
		_getCurrent
		_avgBuff
		_measureVoltages
		_sprintf
 This function uses a non-reentrant model


 *************** function ___fldiv *****************
 Defined at:
		line 8 in file "C:\Program Files (x86)\Microchip\xc8\v1.45\sources\common\sprcdiv.c"
 Parameters:    Size  Location     Type
  a               4   24[BANK0 ] unsigned char 
  b               4   28[BANK0 ] unsigned char 
 Auto vars:     Size  Location     Type
  grs             4   44[BANK0 ] unsigned long 
  rem             4   38[BANK0 ] unsigned long 
  new_exp         2   42[BANK0 ] int 
  aexp            1   49[BANK0 ] unsigned char 
  bexp            1   48[BANK0 ] unsigned char 
  sign            1   37[BANK0 ] unsigned char 
 Return value:  Size  Location     Type
                  4   24[BANK0 ] unsigned char 
 Registers used:
		wreg, status,2, status,0
 Tracked objects:
		On entry : 
		On exit  : 
		Unchanged: 
 Data sizes:     COMMON   BANK0   BANK1   BANK2   BANK3   BANK4   BANK5   BANK6   BANK7   BANK8   BANK9  BANK10  BANK11  BANK12  BANK13  BANK14  BANK15  BANK16  BANK17  BANK18  BANK19  BANK20  BANK21  BANK22  BANK23  BANK24  BANK25
      Params:         0       8       0       0       0       0       0       0       0       0       0       0       0       0       0       0       0       0       0       0       0       0       0       0       0       0       0
      Locals:         0      13       0       0       0       0       0       0       0       0       0       0       0       0       0       0       0       0       0       0       0       0       0       0       0       0       0
      Temps:          0       5       0       0       0       0       0       0       0       0       0       0       0       0       0       0       0       0       0       0       0       0       0       0       0       0       0
      Totals:         0      26       0       0       0       0       0       0       0       0       0       0       0       0       0       0       0       0       0       0       0       0       0       0       0       0       0
Total ram usage:       26 bytes
 Hardware stack levels used:    1
 Hardware stack levels required when called:    2
 This function calls:
		Nothing
 This function is called by:
		_calculateTemp
		_calculateCurrent
		_avgBuff
		_measureVoltages
		_startUp
 This function uses a non-reentrant model


 *************** function ___fladd *****************
 Defined at:
		line 10 in file "C:\Program Files (x86)\Microchip\xc8\v1.45\sources\common\sprcadd.c"
 Parameters:    Size  Location     Type
  b               4   29[BANK1 ] unsigned char 
  a               4   33[BANK1 ] unsigned char 
 Auto vars:     Size  Location     Type
  grs             1   52[BANK1 ] unsigned char 
  bexp            1   51[BANK1 ] unsigned char 
  aexp            1   50[BANK1 ] unsigned char 
  signs           1   49[BANK1 ] unsigned char 
 Return value:  Size  Location     Type
                  4   29[BANK1 ] unsigned char 
 Registers used:
		wreg, status,2, status,0
 Tracked objects:
		On entry : 
		On exit  : 
		Unchanged: 
 Data sizes:     COMMON   BANK0   BANK1   BANK2   BANK3   BANK4   BANK5   BANK6   BANK7   BANK8   BANK9  BANK10  BANK11  BANK12  BANK13  BANK14  BANK15  BANK16  BANK17  BANK18  BANK19  BANK20  BANK21  BANK22  BANK23  BANK24  BANK25
      Params:         0       0       8       0       0       0       0       0       0       0       0       0       0       0       0       0       0       0       0       0       0       0       0       0       0       0       0
      Locals:         0       0       4       0       0       0       0       0       0       0       0       0       0       0       0       0       0       0       0       0       0       0       0       0       0       0       0
      Temps:          0       0      12       0       0       0       0       0       0       0       0       0       0       0       0       0       0       0       0       0       0       0       0       0       0       0       0
      Totals:         0       0      24       0       0       0       0       0       0       0       0       0       0       0       0       0       0       0       0       0       0       0       0       0       0       0       0
Total ram usage:       24 bytes
 Hardware stack levels used:    1
 Hardware stack levels required when called:    2
 This function calls:
		Nothing
 This function is called by:
		_calculateCurrent
		_avgBuff
		_writeVoltages
		_sumVoltages
		_cellBalancing
		_sprintf
		___flsub
 This function uses a non-reentrant model


 *************** function _ISR *****************
 Defined at:
		line 154 in file "main.c"
 Parameters:    Size  Location     Type
		None
 Auto vars:     Size  Location     Type
		None
 Return value:  Size  Location     Type
                  1    wreg      void 
 Registers used:
		wreg, fsr1l, fsr1h, status,2, status,0, pclath, cstack
 Tracked objects:
		On entry : 
		On exit  : 
		Unchanged: 
 Data sizes:     COMMON   BANK0   BANK1   BANK2   BANK3   BANK4   BANK5   BANK6   BANK7   BANK8   BANK9  BANK10  BANK11  BANK12  BANK13  BANK14  BANK15  BANK16  BANK17  BANK18  BANK19  BANK20  BANK21  BANK22  BANK23  BANK24  BANK25
      Params:         0       0       0       0       0       0       0       0       0       0       0       0       0       0       0       0       0       0       0       0       0       0       0       0       0       0       0
      Locals:         0       0       0       0       0       0       0       0       0       0       0       0       0       0       0       0       0       0       0       0       0       0       0       0       0       0       0
      Temps:          2       0       0       0       0       0       0       0       0       0       0       0       0       0       0       0       0       0       0       0       0       0       0       0       0       0       0
      Totals:         2       0       0       0       0       0       0       0       0       0       0       0       0       0       0       0       0       0       0       0       0       0       0       0       0       0       0
Total ram usage:        2 bytes
 Hardware stack levels used:    1
 Hardware stack levels required when called:    1
 This function calls:
		_uartDisable
 This function is called by:
		Interrupt level 1
 This function uses a non-reentrant model


 *************** function _uartDisable *****************
 Defined at:
		line 79 in file "uart.c"
 Parameters:    Size  Location     Type
		None
 Auto vars:     Size  Location     Type
		None
 Return value:  Size  Location     Type
                  1    wreg      void 
 Registers used:
		None
 Tracked objects:
		On entry : 
		On exit  : 
		Unchanged: 
 Data sizes:     COMMON   BANK0   BANK1   BANK2   BANK3   BANK4   BANK5   BANK6   BANK7   BANK8   BANK9  BANK10  BANK11  BANK12  BANK13  BANK14  BANK15  BANK16  BANK17  BANK18  BANK19  BANK20  BANK21  BANK22  BANK23  BANK24  BANK25
      Params:         0       0       0       0       0       0       0       0       0       0       0       0       0       0       0       0       0       0       0       0       0       0       0       0       0       0       0
      Locals:         0       0       0       0       0       0       0       0       0       0       0       0       0       0       0       0       0       0       0       0       0       0       0       0       0       0       0
      Temps:          0       0       0       0       0       0       0       0       0       0       0       0       0       0       0       0       0       0       0       0       0       0       0       0       0       0       0
      Totals:         0       0       0       0       0       0       0       0       0       0       0       0       0       0       0       0       0       0       0       0       0       0       0       0       0       0       0
Total ram usage:        0 bytes
 Hardware stack levels used:    1
 This function calls:
		Nothing
 This function is called by:
		_ISR
 This function uses a non-reentrant model



MODULE INFORMATION

Module		Function		Class		Link	Load	Size
C:\Program Files (x86)\Microchip\xc8\v1.45\sources\common\sprcdiv.c
		___fldiv       		CODE           	1468	0000	400

C:\Program Files (x86)\Microchip\xc8\v1.45\sources\common\sprcdiv.c estimated size: 400

C:\Program Files (x86)\Microchip\xc8\v1.45\sources\common\Umul8_16.c
		__Umul8_16     		CODE           	2C21	0000	33

C:\Program Files (x86)\Microchip\xc8\v1.45\sources\common\Umul8_16.c estimated size: 33

C:\Program Files (x86)\Microchip\xc8\v1.45\sources\common\flge.c
		___flge        		CODE           	0805	0000	155

C:\Program Files (x86)\Microchip\xc8\v1.45\sources\common\flge.c estimated size: 155

C:\Program Files (x86)\Microchip\xc8\v1.45\sources\common\doprnt.c
		_scale         		CODE           	00AB	0000	806
		_sprintf       		CODE           	089F	0000	1890
		_fround        		CODE           	15F7	0000	522

C:\Program Files (x86)\Microchip\xc8\v1.45\sources\common\doprnt.c estimated size: 3218

uart.c
		_writeTemps    		CODE           	206D	0000	91
		_uartSetup     		CODE           	2B5C	0000	14
		_uartDisable   		CODE           	2B1C	0000	4
		_writeCurrent  		CODE           	2C41	0000	33
		_writeValuesToUart		CODE           	2CB8	0000	52
		_clearScreen   		CODE           	2D21	0000	61
		_uartEnable    		CODE           	2B1F	0000	4
		_writeVoltages 		CODE           	1307	0000	354

uart.c estimated size: 613

C:\Program Files (x86)\Microchip\xc8\v1.45\sources\common\Umul16.c
		___wmul        		CODE           	1C01	0000	28

C:\Program Files (x86)\Microchip\xc8\v1.45\sources\common\Umul16.c estimated size: 28

timer.c
		_timer0Setup   		CODE           	0800	0000	6
		_timerSetup    		CODE           	2B22	0000	7
		_timer2Setup   		CODE           	2B45	0000	12

timer.c estimated size: 25

i2c.c
		_i2cSetup      		CODE           	2B99	0000	18

i2c.c estimated size: 18

C:\Program Files (x86)\Microchip\xc8\v1.45\sources\common\isdigit.c
		_isdigit       		CODE           	2B69	0000	15

C:\Program Files (x86)\Microchip\xc8\v1.45\sources\common\isdigit.c estimated size: 15

C:\Program Files (x86)\Microchip\xc8\v1.45\sources\common\sprcadd.c
		___flsub       		CODE           	2C02	0000	32
		___fladd       		CODE           	05FC	0000	509

C:\Program Files (x86)\Microchip\xc8\v1.45\sources\common\sprcadd.c estimated size: 541

ltc6804.c
		_setDischarge  		CODE           	261E	0000	222
		_LTC6804_adcv  		CODE           	2C87	0000	50
		_LTC6804_rdcv  		CODE           	1E75	0000	396
		_LTC6804_rdcv_reg		CODE           	2018	0000	86
		_LTC6804_wrcfg 		CODE           	23F2	0000	178
		_cellBalancing 		CODE           	1C1C	0000	225
		_spi_write_read		CODE           	2CEB	0000	55
		_LTC6804_initialize		CODE           	2B88	0000	18
		_wakeup_idle   		CODE           	2B28	0000	10
		_set_adc       		CODE           	2D9B	0000	68
		_pec15_calc    		CODE           	2E66	0000	80
		_measureVoltages		CODE           	26FB	0000	262
		_spi_write_array		CODE           	2BCF	0000	22
		_sumVoltages   		CODE           	2EB5	0000	83

ltc6804.c estimated size: 1755

C:\Program Files (x86)\Microchip\xc8\v1.45\sources\common\ftdivl.c
		__tdiv_to_l_   		CODE           	24A3	0000	183

C:\Program Files (x86)\Microchip\xc8\v1.45\sources\common\ftdivl.c estimated size: 183

C:\Program Files (x86)\Microchip\xc8\v1.45\sources\common\awmod.c
		___awmod       		CODE           	2E21	0000	70

C:\Program Files (x86)\Microchip\xc8\v1.45\sources\common\awmod.c estimated size: 70

C:\Program Files (x86)\Microchip\xc8\v1.45\sources\common\llmod.c
		___llmod       		CODE           	2DDE	0000	68

C:\Program Files (x86)\Microchip\xc8\v1.45\sources\common\llmod.c estimated size: 68

adc.c
		_adcRead       		CODE           	2FAC	0000	85
		_avgBuff       		CODE           	21C5	0000	136
		_adcSetup      		CODE           	2BE4	0000	31
		_getTemps      		CODE           	2146	0000	128
		_calculateTemp 		CODE           	224C	0000	136
		_calculateCurrent		CODE           	22D3	0000	138
		_getCurrent    		CODE           	2D5D	0000	63

adc.c estimated size: 717

C:\Program Files (x86)\Microchip\xc8\v1.45\sources\common\fldivl.c
		__div_to_l_    		CODE           	2559	0000	198

C:\Program Files (x86)\Microchip\xc8\v1.45\sources\common\fldivl.c estimated size: 198

C:\Program Files (x86)\Microchip\xc8\v1.45\sources\common\fltol.c
		___fltol       		CODE           	20C7	0000	128

C:\Program Files (x86)\Microchip\xc8\v1.45\sources\common\fltol.c estimated size: 128

spi.c
		_spiSetup      		CODE           	2BAA	0000	19
		_spi_write     		CODE           	2B3A	0000	12
		_spi_read      		CODE           	2B50	0000	13

spi.c estimated size: 44

shared
		_OledFont      		STRCODE        	0000	0000	0
		_temperatures  		STRCODE        	3068	0000	51
		__powers_      		STRCODE        	3000	0000	53
		LTC6804_rdcfg@BYTES_IN_REG		STRCODE        	3161	0000	2
		LTC6804_wrcfg@BYTES_IN_REG		STRCODE        	3162	0000	2
		_dpowers       		STRCODE        	309A	0000	41
		_Beta          		STRCODE        	0000	0000	0
		LTC6804_rdaux@NUM_RX_BYT		STRCODE        	3166	0000	2
		_t0            		STRCODE        	0000	0000	0
		__npowers_     		STRCODE        	3034	0000	53
		__initialization		CODE           	0077	0000	49
		LTC6804_rdaux@GPIO_IN_REG		STRCODE        	3164	0000	2
		LTC6804_rdaux_reg@REG_LEN		STRCODE        	3163	0000	2
		LTC6804_rdcv@CELL_IN_REG		STRCODE        	3168	0000	2
		LTC6804_rdcv@NUM_RX_BYT		STRCODE        	30C2	0000	2
		LTC6804_rdaux@BYT_IN_REG		STRCODE        	3165	0000	2
		_balanceThreshold		STRCODE        	0000	0000	0
		LTC6804_rdcv@BYT_IN_REG		STRCODE        	3169	0000	2
		_crc15Table    		STRCODE        	0000	0000	0
		LTC6804_rdcv_reg@REG_LEN		STRCODE        	3167	0000	2
		ltc6804@crc15Table		STRCODE        	1800	0000	513

shared estimated size: 780

C:\Program Files (x86)\Microchip\xc8\v1.45\sources\common\awdiv.c
		___awdiv       		CODE           	2F07	0000	83

C:\Program Files (x86)\Microchip\xc8\v1.45\sources\common\awdiv.c estimated size: 83

C:\Program Files (x86)\Microchip\xc8\v1.45\sources\common\lldiv.c
		___lldiv       		CODE           	2F59	0000	84

C:\Program Files (x86)\Microchip\xc8\v1.45\sources\common\lldiv.c estimated size: 84

C:\Program Files (x86)\Microchip\xc8\v1.45\sources\common\xxtofl.c
		___xxtofl      		CODE           	235C	0000	151

C:\Program Files (x86)\Microchip\xc8\v1.45\sources\common\xxtofl.c estimated size: 151

C:\Program Files (x86)\Microchip\xc8\v1.45\sources\common\Umul8.c
		___bmul        		CODE           	2B77	0000	18

C:\Program Files (x86)\Microchip\xc8\v1.45\sources\common\Umul8.c estimated size: 18

C:\Program Files (x86)\Microchip\xc8\v1.45\sources\common\flneg.c
		___flneg       		CODE           	2B31	0000	10

C:\Program Files (x86)\Microchip\xc8\v1.45\sources\common\flneg.c estimated size: 10

main.c
		_ISR           		CODE           	0004	0000	114
		_main          		CODE           	1CFC	0000	378
		_setup         		CODE           	2C61	0000	39

main.c estimated size: 531

C:\Program Files (x86)\Microchip\xc8\v1.45\sources\common\sprcmul.c
		___flmul       		CODE           	03D0	0000	557

C:\Program Files (x86)\Microchip\xc8\v1.45\sources\common\sprcmul.c estimated size: 557

